[    0.000000] Initializing cgroup subsys cpuset
[    0.000000] Initializing cgroup susys cpu
[    0.000000] Initalizing cgroup subsys cpuacc
[    0.000000] Linux version 4.4.0-184-generic (buildd@lgw01-amd64-060) (gcc version 5.4.0 20160609 (Ubuntu 5.4.0-6ubuntu1~16.04.12) )) #214-Ubuntu SMP Thu Jun 4 10:14:11 UTC 2020 (Ubuntu 4.4.0-184.214-generic 4.4.223)
[    0.000000] Command line: BOOT_IMAGE=/boot/vmlinuz-4.4.0-184-generic root=LABEL=cloudimg-rootfs ro console=tty1 console=ttyS0
[    0.000000] KERNEL supported cpus:
[    0.000000]   Intel GenuineIntel
[    0.000000]   AMD AuthenticAMD
[    0.000000]   Centaur CentaurHauls
[    0.000000] x86/fpu: xstate_offset[2]:  576, xstate_sizes[2]:  256
[    0.000000] x86/fpu: Supporting XSAVE feature 0x01: 'x87 floating point registers'
[    0.000000] x86/fpu: Supporting XSAVE feature 0x02: 'SSE registers'
[    0.000000] x86/fpu: Supporting XSAVE feature 0x04: 'AVX registers'
[    0.000000] x86/fpu: Enabled xstate features 0x7, context size is 832 bytes, using 'standard' format.
[    0.000000] e820: BIOS-provided physical RAM map:
[    0.000000] BIOS-e820: [mem 0x0000000000000000-0x000000000009fbff] usable
[    0.000000] BIOS-e820: [mem 0x000000000009fc00-0x000000000009ffff] reserved
[    0.000000] BIOS-e820: [mem 0x00000000000f0000-0x00000000000fffff] reserved
[    0.000000] BIOS-e820: [mem 0x0000000000100000-0x000000003ffeffff] usable
[    0.000000] BIOS-e820: [mem 0x000000003fff0000-0x000000003fffffff] ACPI data
[    0.000000] BIOS-e820: [mem 0x00000000fec00000-0x00000000fec00fff] reserved
[    0.000000] BIOS-e820: [mem 0x00000000fee00000-0x00000000fee00fff] reserved
[    0.000000] BIOS-e820: [mem 0x00000000fffc0000-0x00000000ffffffff] reserved
[    0.000000] NX (Execute Disable) protection: active
[    0.000000] SMBIOS 2.5 present.
[    0.000000] Hypervisor detected: KVM
[    0.000000] e820: last_pfn = 0x3fff0 max_arch_pfn = 0x400000000
[    0.000000] MTRR: Disabled
[    0.000000] x86/PAT: MTRRs disabled, skipping PAT initialization too.
[    0.000000] CPU MTRRs all blank - virtualized system.
[    0.000000] x86/PAT: Configuration [0-7]: WB  WT  UC- UC  WB  WT  UC- UC  
[    0.000000] found SMP MP-table at [mem 0x0009fff0-0x0009ffff] mapped at [ffff88000009fff0]
[    0.000000] Scanning 1 areas for low memory corruption
[    0.000000] RAMDISK: [mem 0x362de000-0x37166fff]
[    0.000000] ACPI: Early table checksum verification disabled
[    0.000000] ACPI: RSDP 0x00000000000E0000 000024 (v02 VBOX  )
[    0.000000] ACPI: XSDT 0x000000003FFF0030 00003C (v01 VBOX   VBOXXSDT 00000001 ASL  00000061)
[    0.000000] ACPI: FACP 0x000000003FFF00F0 0000F4 (v04 VBOX   VBOXFACP 00000001 ASL  00000061)
[    0.000000] ACPI: DSDT 0x000000003FFF0470 0021FF (v02 VBOX   VBOXBIOS 00000002 INTL 20100528)
[    0.000000] ACPI: FACS 0x000000003FFF0200 000040
[    0.000000] ACPI: FACS 0x000000003FFF0200 000040
[    0.000000] ACPI: APIC 0x000000003FFF0240 00005C (v02 VBOX   VBOXAPIC 00000001 ASL  00000061)
[    0.000000] ACPI: SSDT 0x000000003FFF02A0 0001CC (v01 VBOX   VBOXCPUT 00000002 INTL 20100528)
[    0.000000] No NUMA configuration found
[    0.000000] Faking a node at [mem 0x0000000000000000-0x000000003ffeffff]
[    0.000000] NODE_DATA(0) allocated [mem 0x3ffeb000-0x3ffeffff]
[    0.000000] kvm-clock: Using msrs 4b564d01 and 4b564d00
[    0.000000] kvm-clock: cpu 0, msr 0:3ffe3001, primary cpu clock
[    0.000000] kvm-clock: using sched offset of 8179737185 cycles
[    0.000000] clocksource: kvm-clock: mask: 0xffffffffffffffff max_cycles: 0x1cd42e4dffb, max_idle_ns: 881590591483 ns
[    0.000000] Zone ranges:
[    0.000000]   DMA      [mem 0x0000000000001000-0x0000000000ffffff]
[    0.000000]   DMA32    [mem 0x0000000001000000-0x000000003ffeffff]
[    0.000000]   Normal   empty
[    0.000000]   Device   empty
[    0.000000] Movable zone start for each node
[    0.000000] Early memory node ranges
[    0.000000]   node   0: [mem 0x0000000000001000-0x000000000009efff]
[    0.000000]   node   0: [mem 0x0000000000100000-0x000000003ffeffff]
[    0.000000] Initmem setup node 0 [mem 0x0000000000001000-0x000000003ffeffff]
[    0.000000] ACPI: PM-Timer IO Port: 0x4008
[    0.000000] IOAPIC[0]: apic_id 2, version 32, address 0xfec00000, GSI 0-23
[    0.000000] ACPI: INT_SRC_OVR (bus 0 bus_irq 0 global_irq 2 dfl dfl)
[    0.000000] ACPI: INT_SRC_OVR (bus 0 bus_irq 9 global_irq 9 low level)
[    0.000000] Using ACPI (MADT) for SMP configuration information
[    0.000000] smpboot: Allowing 2 CPUs, 0 hotplug CPUs
[    0.000000] PM: Registered nosave memory: [mem 0x00000000-0x00000fff]
[    0.000000] PM: Registered nosave memory: [mem 0x0009f000-0x0009ffff]
[    0.000000] PM: Registered nosave memory: [mem 0x000a0000-0x000effff]
[    0.000000] PM: Registered nosave memory: [mem 0x000f0000-0x000fffff]
[    0.000000] e820: [mem 0x40000000-0xfebfffff] available for PCI devices
[    0.000000] Booting paravirtualized kernel on KVM
[    0.000000] clocksource: refined-jiffies: mask: 0xffffffff max_cycles: 0xffffffff, max_idle_ns: 7645519600211568 ns
[    0.000000] setup_percpu: NR_CPUS:512 nr_cpumask_bits:512 nr_cpu_ids:2 nr_node_ids:1
[    0.000000] PERCPU: Embedded 33 pages/cpu @ffff88003fc00000 s95448 r8192 d31528 u1048576
[    0.000000] Built 1 zonelists in Node order, mobility grouping on.  Total pages: 257912
[    0.000000] Policy zone: DMA32
[    0.000000] Kernel command line: BOOT_IMAGE=/boot/vmlinuz-4.4.0-184-generic root=LABEL=cloudimg-rootfs ro console=tty1 console=ttyS0
[    0.000000] PID hash table entries: 4096 (order: 3, 32768 bytes)
[    0.000000] Memory: 997664K/1048120K available (8632K kernel code, 1336K rwdata, 4036K rodata, 1492K init, 1292K bss, 50456K reserved, 0K cma-reserved)
[    0.000000] SLUB: HWalign=64, Order=0-3, MinObjects=0, CPUs=2, Nodes=1
[    0.000000] Kernel/User page tables isolation: enabled
[    0.000000] Hierarchical RCU implementation.
[    0.000000] 	Build-time adjustment of leaf fanout to 64.
[    0.000000] 	RCU restricting CPUs from NR_CPUS=512 to nr_cpu_ids=2.
[    0.000000] RCU: Adjusting geometry for rcu_fanout_leaf=64, nr_cpu_ids=2
[    0.000000] NR_IRQS:33024 nr_irqs:440 16
[    0.000000] Console: colour VGA+ 80x25
[    0.000000] console [tty1] enabled
[    0.000000] console [ttyS0] enabled
[    0.000000] tsc: Detected 1895.611 MHz processor
[    0.822787] Calibrating delay loop (skipped) preset value.. 3791.22 BogoMIPS (lpj=7582444)
[    0.828679] pid_max: default: 32768 minimum: 301
[    0.832089] ACPI: Core revision 20150930
[    0.841503] ACPI: 2 ACPI AML tables successfully acquired and loaded
[    0.845892] Security Framework initialized
[    0.848788] Yama: becoming mindful.
[    0.851515] AppArmor: AppArmor initialized
[    0.854745] Dentry cache hash table entries: 131072 (order: 8, 1048576 bytes)
[    0.866754] Inode-cache hash table entries: 65536 (order: 7, 524288 bytes)
[    0.871588] Mount-cache hash table entries: 2048 (order: 2, 16384 bytes)
[    0.875591] Mountpoint-cache hash table entries: 2048 (order: 2, 16384 bytes)
[    0.880460] Initializing cgroup subsys io
[    0.883312] Initializing cgroup subsys memory
[    0.886336] Initializing cgroup subsys devices
[    0.889869] Initializing cgroup subsys freezer
[    0.892777] Initializing cgroup subsys net_cls
[    0.896552] Initializing cgroup subsys perf_event
[    0.899746] Initializing cgroup subsys net_prio
[    0.902992] Initializing cgroup subsys hugetlb
[    0.907287] Initializing cgroup subsys pids
[    0.911751] mce: CPU supports 0 MCE banks
[    0.915131] Last level iTLB entries: 4KB 1024, 2MB 1024, 4MB 1024
[    0.918912] Last level dTLB entries: 4KB 1024, 2MB 1024, 4MB 1024, 1GB 4
[    0.924936] Spectre V1 : Mitigation: usercopy/swapgs barriers and __user pointer sanitization
[    0.932694] Spectre V2 : Mitigation: Full generic retpoline
[    0.939115] Spectre V2 : Spectre v2 / SpectreRSB mitigation: Filling RSB on context switch
[    0.949395] Speculative Store Bypass: Vulnerable
[    0.953755] SRBDS: Unknown: Dependent on hypervisor status
[    0.959541] MDS: Vulnerable: Clear CPU buffers attempted, no microcode
[    0.972049] Freeing SMP alternatives memory: 36K
[    0.993216] ftrace: allocating 32319 entries in 127 pages
[    1.152750] smpboot: APIC(0) Converting physical 0 to logical package 0
[    1.156811] smpboot: Max logical packages: 1
[    1.166233] x2apic enabled
[    1.169506] Switched APIC routing to physical x2apic.
[    1.177340] ..TIMER: vector=0x30 apic1=0 pin1=2 apic2=-1 pin2=-1
[    1.289599] smpboot: CPU0: Intel(R) Core(TM) i3-4030U CPU @ 1.90GHz (family: 0x6, model: 0x45, stepping: 0x1)
[    1.308467] Performance Events: unsupported p6 CPU model 69 no PMU driver, software events only.
[    1.351550] KVM setup paravirtual spinlock
[    1.356230] x86: Booting SMP configuration:
[    1.364220] .... node  #0, CPUs:      #1
[    1.374792] kvm-clock: cpu 1, msr 0:3ffe3041, secondary cpu clock
[    1.379392] mce: CPU supports 0 MCE banks
[    1.383497] x86: Booted up 1 node, 2 CPUs
[    1.392546] smpboot: Total of 2 processors activated (7582.44 BogoMIPS)
[    1.406097] devtmpfs: initialized
[    1.430859] evm: security.selinux
[    1.436600] evm: security.SMACK64
[    1.439297] evm: security.SMACK64EXEC
[    1.446315] evm: security.SMACK64TRANSMUTE
[    1.449806] evm: security.SMACK64MMAP
[    1.462375] evm: security.ima
[    1.464999] evm: security.capability
[    1.469185] clocksource: jiffies: mask: 0xffffffff max_cycles: 0xffffffff, max_idle_ns: 7645041785100000 ns
[    1.484805] futex hash table entries: 512 (order: 3, 32768 bytes)
[    1.493899] pinctrl core: initialized pinctrl subsystem
[    1.501812] RTC time: 16:18:07, date: 06/30/20
[    1.508840] NET: Registered protocol family 16
[    1.523867] cpuidle: using governor ladder
[    1.539492] cpuidle: using governor menu
[    1.543072] PCCT header not found.
[    1.546972] ACPI: bus type PCI registered
[    1.550566] acpiphp: ACPI Hot Plug PCI Controller Driver version: 0.5
[    1.555929] PCI: Using configuration type 1 for base access
[    1.576293] ACPI: Added _OSI(Module Device)
[    1.589427] ACPI: Added _OSI(Processor Device)
[    1.600095] ACPI: Added _OSI(3.0 _SCP Extensions)
[    1.613977] ACPI: Added _OSI(Processor Aggregator Device)
[    1.626697] ACPI: Executed 1 blocks of module-level executable AML code
[    1.657353] ACPI: Interpreter enabled
[    1.660744] ACPI: (supports S0 S5)
[    1.666052] ACPI: Using IOAPIC for interrupt routing
[    1.671115] PCI: Using host bridge windows from ACPI; if necessary, use "pci=nocrs" and report a bug
[    1.696865] ACPI: PCI Root Bridge [PCI0] (domain 0000 [bus 00-ff])
[    1.705056] acpi PNP0A03:00: _OSC: OS supports [ASPM ClockPM Segments MSI]
[    1.713232] acpi PNP0A03:00: _OSC: not requesting OS control; OS requires [ExtendedConfig ASPM ClockPM MSI]
[    1.733172] acpi PNP0A03:00: fail to add MMCONFIG information, can't access extended PCI configuration space under this bridge.
[    1.742309] PCI host bridge to bus 0000:00
[    1.746152] pci_bus 0000:00: root bus resource [io  0x0000-0x0cf7 window]
[    1.751558] pci_bus 0000:00: root bus resource [io  0x0d00-0xffff window]
[    1.756811] pci_bus 0000:00: root bus resource [mem 0x000a0000-0x000bffff window]
[    1.763586] pci_bus 0000:00: root bus resource [mem 0x40000000-0xfdffffff window]
[    1.770233] pci_bus 0000:00: root bus resource [bus 00-ff]
[    1.780102] pci 0000:00:01.1: legacy IDE quirk: reg 0x10: [io  0x01f0-0x01f7]
[    1.792540] pci 0000:00:01.1: legacy IDE quirk: reg 0x14: [io  0x03f6]
[    1.798000] pci 0000:00:01.1: legacy IDE quirk: reg 0x18: [io  0x0170-0x0177]
[    1.853854] pci 0000:00:01.1: legacy IDE quirk: reg 0x1c: [io  0x0376]
[    1.901533] pci 0000:00:07.0: quirk: [io  0x4000-0x403f] claimed by PIIX4 ACPI
[    1.908687] pci 0000:00:07.0: quirk: [io  0x4100-0x410f] claimed by PIIX4 SMB
[    1.951469] ACPI: PCI Interrupt Link [LNKA] (IRQs 5 9 10 *11)
[    1.962899] ACPI: PCI Interrupt Link [LNKB] (IRQs 5 9 *10 11)
[    1.968217] ACPI: PCI Interrupt Link [LNKC] (IRQs 5 *9 10 11)
[    1.973381] ACPI: PCI Interrupt Link [LNKD] (IRQs 5 9 10 *11)
[    1.978634] ACPI: Enabled 2 GPEs in block 00 to 07
[    1.983360] vgaarb: setting as boot device: PCI:0000:00:02.0
[    1.986907] vgaarb: device added: PCI:0000:00:02.0,decodes=io+mem,owns=io+mem,locks=none
[    1.992297] vgaarb: loaded
[    1.994554] vgaarb: bridge control possible 0000:00:02.0
[    1.999672] SCSI subsystem initialized
[    2.004313] ACPI: bus type USB registered
[    2.007398] usbcore: registered new interface driver usbfs
[    2.010945] usbcore: registered new interface driver hub
[    2.015400] usbcore: registered new device driver usb
[    2.020044] PCI: Using ACPI for IRQ routing
[    2.023942] NetLabel: Initializing
[    2.027054] NetLabel:  domain hash size = 128
[    2.030054] NetLabel:  protocols = UNLABELED CIPSOv4
[    2.039897] NetLabel:  unlabeled traffic allowed by default
[    2.043956] amd_nb: Cannot enumerate AMD northbridges
[    2.047673] clocksource: Switched to clocksource kvm-clock
[    2.088762] AppArmor: AppArmor Filesystem Enabled
[    2.093274] pnp: PnP ACPI init
[    2.098590] pnp: PnP ACPI: found 3 devices
[    2.119971] clocksource: acpi_pm: mask: 0xffffff max_cycles: 0xffffff, max_idle_ns: 2085701024 ns
[    2.126019] NET: Registered protocol family 2
[    2.129649] TCP established hash table entries: 8192 (order: 4, 65536 bytes)
[    2.136476] TCP bind hash table entries: 8192 (order: 5, 131072 bytes)
[    2.140519] TCP: Hash tables configured (established 8192 bind 8192)
[    2.144399] UDP hash table entries: 512 (order: 2, 16384 bytes)
[    2.148523] UDP-Lite hash table entries: 512 (order: 2, 16384 bytes)
[    2.152596] NET: Registered protocol family 1
[    2.155553] pci 0000:00:00.0: Limiting direct PCI/PCI transfers
[    2.159273] pci 0000:00:01.0: Activating ISA DMA hang workarounds
[    2.163708] Unpacking initramfs...
[    3.101693] Freeing initrd memory: 14884K
[    3.105619] RAPL PMU detected, API unit is 2^-32 Joules, 4 fixed counters 10737418240 ms ovfl timer
[    3.113617] hw unit of domain pp0-core 2^-0 Joules
[    3.117607] hw unit of domain package 2^-0 Joules
[    3.121052] hw unit of domain dram 2^-0 Joules
[    3.124149] hw unit of domain pp1-gpu 2^-0 Joules
[    3.127278] clocksource: tsc: mask: 0xffffffffffffffff max_cycles: 0x36a5f415104, max_idle_ns: 881590682539 ns
[    3.134301] platform rtc_cmos: registered platform RTC device (no PNP device found)
[    3.139934] Scanning for low memory corruption every 60 seconds
[    3.144499] audit: initializing netlink subsys (disabled)
[    3.148267] audit: type=2000 audit(1593533898.214:1): initialized
[    3.153005] Initialise system trusted keyring
[    3.156514] HugeTLB registered 2 MB page size, pre-allocated 0 pages
[    3.166260] zbud: loaded
[    3.169648] VFS: Disk quotas dquot_6.6.0
[    3.172554] VFS: Dquot-cache hash table entries: 512 (order 0, 4096 bytes)
[    3.177501] squashfs: version 4.0 (2009/01/31) Phillip Lougher
[    3.182554] fuse init (API version 7.23)
[    3.185758] Key type big_key registered
[    3.188536] Allocating IMA MOK and blacklist keyrings.
[    3.195215] Key type asymmetric registered
[    3.198437] Asymmetric key parser 'x509' registered
[    3.201805] Block layer SCSI generic (bsg) driver version 0.4 loaded (major 249)
[    3.207194] io scheduler noop registered
[    3.210127] io scheduler deadline registered (default)
[    3.213706] io scheduler cfq registered
[    3.216894] pci_hotplug: PCI Hot Plug PCI Core version: 0.5
[    3.220390] pciehp: PCI Express Hot Plug Controller Driver version: 0.4
[    3.224872] ACPI: AC Adapter [AC] (on-line)
[    3.227923] input: Power Button as /devices/LNXSYSTM:00/LNXPWRBN:00/input/input0
[    3.233658] ACPI: Power Button [PWRF]
[    3.236609] input: Sleep Button as /devices/LNXSYSTM:00/LNXSLPBN:00/input/input1
[    3.242017] ACPI: Sleep Button [SLPF]
[    3.247712] ACPI: Battery Slot [BAT0] (battery present)
[    3.251485] GHES: HEST is not enabled!
[    3.254508] Serial: 8250/16550 driver, 32 ports, IRQ sharing enabled
[    3.285276] 00:02: ttyS0 at I/O 0x3f8 (irq = 4, base_baud = 115200) is a 16550A
[    3.311575] Linux agpgart interface v0.103
[    3.319693] loop: module loaded
[    3.324254] scsi host0: ata_piix
[    3.327185] scsi host1: ata_piix
[    3.330048] ata1: PATA max UDMA/33 cmd 0x1f0 ctl 0x3f6 bmdma 0xd000 irq 14
[    3.334320] ata2: PATA max UDMA/33 cmd 0x170 ctl 0x376 bmdma 0xd008 irq 15
[    3.338777] libphy: Fixed MDIO Bus: probed
[    3.341950] tun: Universal TUN/TAP device driver, 1.6
[    3.345745] tun: (C) 1999-2004 Max Krasnyansky <maxk@qualcomm.com>
[    3.349995] PPP generic driver version 2.4.2
[    3.355650] ehci_hcd: USB 2.0 'Enhanced' Host Controller (EHCI) Driver
[    3.359877] ehci-pci: EHCI PCI platform driver
[    3.363148] ehci-platform: EHCI generic platform driver
[    3.372426] ohci_hcd: USB 1.1 'Open' Host Controller (OHCI) Driver
[    3.376402] ohci-pci: OHCI PCI platform driver
[    3.379670] ohci-platform: OHCI generic platform driver
[    3.383242] uhci_hcd: USB Universal Host Controller Interface driver
[    3.387379] i8042: PNP: PS/2 Controller [PNP0303:PS2K,PNP0f03:PS2M] at 0x60,0x64 irq 1,12
[    3.394322] serio: i8042 KBD port at 0x60,0x64 irq 1
[    3.397935] serio: i8042 AUX port at 0x60,0x64 irq 12
[    3.401747] mousedev: PS/2 mouse device common for all mice
[    3.406860] input: AT Translated Set 2 keyboard as /devices/platform/i8042/serio0/input/input2
[    3.413035] rtc_cmos rtc_cmos: rtc core: registered rtc_cmos as rtc0
[    3.417994] rtc_cmos rtc_cmos: alarms up to one day, 114 bytes nvram
[    3.421989] i2c /dev entries driver
[    3.424737] device-mapper: uevent: version 1.0.3
[    3.428217] device-mapper: ioctl: 4.34.0-ioctl (2015-10-28) initialised: dm-devel@redhat.com
[    3.434288] ledtrig-cpu: registered to indicate activity on CPUs
[    3.439494] NET: Registered protocol family 10
[    3.443180] NET: Registered protocol family 17
[    3.446321] Key type dns_resolver registered
[    3.451096] registered taskstats version 1
[    3.454339] Loading compiled-in X.509 certificates
[    3.459178] Loaded X.509 cert 'Build time autogenerated kernel key: b6ae09eed57f82583ccd3c65c463e852cdd7a0b5'
[   .45845] zswap: loaded using pool lzo/zbud

[    3.633101] Key type trusted registered
[    3.648806] Key type encrypted registered
[    3.655189] AppArmor: AppArmor sha1 policy hashing enabled
[    3.659769] ima: No TPM chip found, activating TPM-bypass!
[    3.666423] ima: Allocated hash algorithm: sha1
[    3.674302] evm: HMAC attrs: 0x1
[    3.680392]   Magic number: 8:224:339
[    3.698578] rtc_cmos rtc_cmos: setting system clock to 2020-06-30 16:18:09 UTC (1593533889)
[    3.717074] BIOS EDD facility v0.16 2004-Jun-25, 0 devices found
[    3.733990] EDD information not available.
[    3.755070] Freeing unused kernel memory: 1492K
[    3.780280] Write protecting the kernel read-only data: 14336k
[    3.793966] Freeing unused kernel memory: 1596K
[    3.814534] Freeing unused kernel memory: 60K
Loading, please wait...
starting version 229
[    3.911701] random: systemd-udevd: uninitialized urandom read (16 bytes read, 3 bits of entropy available)
[    3.912789] random: udevadm: uninitialized urandom read (16 bytes read, 3 bits of entropy available)
[    3.912833] random: udevadm: uninitialized urandom read (16 bytes read, 3 bits of entropy available)
[    3.944074] random: udevadm: uninitialized urandom read (16 bytes read, 3 bits of entropy available)
[    3.944234] random: udevadm: uninitialized urandom read (16 bytes read, 3 bits of entropy available)
[    3.944677] random: udevadm: uninitialized urandom read (16 bytes read, 3 bits of entropy available)
[    3.944836] random: udevadm: uninitialized urandom read (16 bytes read, 3 bits of entropy available)
[    3.944991] random: udevadm: uninitialized urandom read (16 bytes read, 3 bits of entropy available)
[    3.945190] random: udevadm: uninitialized urandom read (16 bytes read, 3 bits of entropy available)
[    3.945352] random: udevadm: uninitialized urandom read (16 bytes read, 3 bits of entropy available)
[    4.122991] Fusion MPT base driver 3.04.20
[    4.133642] Copyright (c) 1999-2008 LSI Corporation
[    4.160089] e1000: Intel(R) PRO/1000 Network Driver - version 7.3.21-k8-NAPI
[    4.179329] e1000: Copyright (c) 1999-2006 Intel Corporation.
[    4.227544] AVX2 version of gcm_enc/dec engaged.
[    4.232303] AES CTR mode by8 optimization enabled
[    4.273504] Fusion MPT SPI Host driver 3.04.20
[    4.415508] input: ImExPS/2 Generic Explorer Mouse as /devices/platform/i8042/serio1/input/input4
[    4.851969] e1000 0000:00:03.0 eth0: (PCI:33MHz:32-bit) 02:89:fa:04:16:8f
[    4.857155] e1000 0000:00:03.0 eth0: Intel(R) PRO/1000 Network Connection
[    5.657308] e1000 0000:00:08.0 eth1: (PCI:33MHz:32-bit) 08:00:27:b0:a9:0c
[    5.667100] e1000 0000:00:08.0 eth1: Intel(R) PRO/1000 Network Connection
[    5.686257] mptbase: ioc0: Initiating bringup
[    5.697632] e1000 0000:00:08.0 enp0s8: renamed from eth1
[    5.721392] e1000 0000:00:03.0 enp0s3: renamed from eth0
[    5.811795] ioc0: LSI53C1030 A0: Capabilities={Initiator}
[    6.326944] scsi host2: ioc0: LSI53C1030 A0, FwRev=00000000h, Ports=1, MaxQ=256, IRQ=20
[    7.013805] scsi 2:0:0:0: Direct-Access     VBOX     HARDDISK         1.0  PQ: 0 ANSI: 5
[    7.076402] scsi target2:0:0: Beginning Domain Validation
[    7.098892] scsi target2:0:0: Domain Validation skipping write tests
[    7.105776] scsi target2:0:0: Ending Domain Validation
[    7.117529] scsi target2:0:0: asynchronous
[    7.129260] scsi 2:0:1:0: Direct-Access     VBOX     HARDDISK         1.0  PQ: 0 ANSI: 5
[    7.149698] scsi target2:0:1: Beginning Domain Validation
[    7.165092] scsi target2:0:1: Domain Validation skipping write tests
[    7.193742] scsi target2:0:1: Ending Domain Validation
[    7.205613] scsi target2:0:1: asynchronous
[    7.233255] sd 2:0:0:0: [sda] 20971520 512-byte logical blocks: (10.7 GB/10.0 GiB)
[    7.233712] sd 2:0:0:0: Attached scsi generic sg0 type 0
[    7.235141] sd 2:0:1:0: Attached scsi generic sg1 type 0
[    7.248766] sd 2:0:1:0: [sdb] 20480 512-byte logical blocks: (10.5 MB/10.0 MiB)
[    7.249219] sd 2:0:0:0: [sda] Write Protect is off
[    7.249494] sd 2:0:0:0: [sda] Incomplete mode parameter data
[    7.249501] sd 2:0:0:0: [sda] Assuming drive cache: write through
[    7.275146] sd 2:0:1:0: [sdb] Write Protect is off
[    7.282683] sd 2:0:1:0: [sdb] Incomplete mode parameter data
[    7.305884] sd 2:0:1:0: [sdb] Assuming drive cache: write through
[    7.316550]  sda: sda1
[    7.323935] sd 2:0:0:0: [sda] Attached SCSI disk
[    7.353653] sd 2:0:1:0: [sdb] Attached SCSI disk
Begin: Loading essential drivers[    9.968804] md: linear personality registered for level -1
 ... [    9.983240] md: multipath personality registered for level -4
[   10.000826] md: raid0 personality registered for level 0
[   10.030615] md: raid1 personality registered for level 1
[   10.112364] raid6: sse2x1   gen()  1495 MB/s
[   10.179961] raid6: sse2x1   xor()   958 MB/s
[   10.252174] raid6: sse2x2   gen()  2444 MB/s
[   10.324388] raid6: sse2x2   xor()  1225 MB/s
[   10.395785] raid6: sse2x4   gen()  3689 MB/s
[   10.464058] raid6: sse2x4   xor()  2269 MB/s
[   10.536274] raid6: avx2x1   gen()  3020 MB/s
[   10.603712] raid6: avx2x2   gen()  5863 MB/s
[   10.672949] raid6: avx2x4   gen()  7668 MB/s
[   10.682046] raid6: using algorithm avx2x4 gen() 7668 MB/s
[   10.687347] raid6: using avx2x2 recovery algorithm
[   10.697564] xor: automatically using best checksumming function:
[   10.752027]    avx       :  9102.000 MB/sec
[   10.768468] async_tx: api initialized (async)
[   10.802311] md: raid6 personality registered for level 6
[   10.806925] md: raid5 personality registered for level 5
[   10.811735] md: raid4 personality registered for level 4
[   10.835046] md: raid10 personality registered for level 10
done.
Begin: Running /scripts/init-premount ... done.
Begin: Mounting root file system ... Begin: Running /scripts/local-top ... done.
Begin: Running /scripts/local-premount ... [   10.940205] Btrfs loaded
Scanning for Btrfs filesystems
done.
Warning: fsck not present, so skipping root file system
[   11.394538] EXT4-fs (sda1): mounted filesystem with ordered data mode. Opts: (null)
done.
Begin: Running /scripts/local-bottom ... done.
Begin: Running /scripts/init-bottom ... done.
[   12.148029] random: nonblocking pool is initialized
[   12.630986] systemd[1]: systemd 229 running in system mode. (+PAM +AUDIT +SELINUX +IMA +APPARMOR +SMACK +SYSVINIT +UTMP +LIBCRYPTSETUP +GCRYPT +GNUTLS +ACL +XZ -LZ4 +SECCOMP +BLKID +ELFUTILS +KMOD -IDN)
[   12.652785] systemd[1]: Detected virtualization oracle.
[   12.657690] systemd[1]: Detected architecture x86-64.

Welcome to [1mUbuntu 16.04.6 LTS[0m!

[   12.739103] systemd[1]: Set hostname to <ubuntu>.
[   12.816898] systemd[1]: Initializing machine ID from random generator.
[   12.822897] systemd[1]: Installed transient /etc/machine-id file.
[   14.797764] systemd[1]: Listening on udev Kernel Socket.
[[0;32m  OK  [0m] Listening on udev Kernel Socket.
[   14.808751] systemd[1]: Reached target User and Group Name Lookups.
[[0;32m  OK  [0m] Reached target User and Group Name Lookups.
[   14.827093] systemd[1]: Listening on LVM2 metadata daemon socket.
[[0;32m  OK  [0m] Listening on LVM2 metadata daemon socket.
[   14.848725] systemd[1]: Listening on /dev/initctl Compatibility Named Pipe.
[[0;32m  OK  [0m] Listening on /dev/initctl Compatibility Named Pipe.
[   14.876392] systemd[1]: Started Trigger resolvconf update for networkd DNS.
[[0;32m  OK  [0m] Started Trigger resolvconf update for networkd DNS.
[   14.900851] systemd[1]: Reached target Swap.
[[0;32m  OK  [0m] Reached target Swap.
[   14.925978] systemd[1]: Created slice User and Session Slice.
[[0;32m  OK  [0m] Created slice User and Session Slice.
[   14.952510] systemd[1]: Listening on Device-mapper event daemon FIFOs.
[[0;32m  OK  [0m] Listening on Device-mapper event daemon FIFOs.
[   14.973050] systemd[1]: Listening on udev Control Socket.
[[0;32m  OK  [0m] Listening on udev Control Socket.
[   14.989706] systemd[1]: Started Forward Password Requests to Wall Directory Watch.
[[0;32m  OK  [0m] Started Forward Password Requests to Wall Directory Watch.
[   15.040739] systemd[1]: Reached target System Time Synchronized.
[[0;32m  OK  [0m] Reached target System Time Synchronized.
[   15.070904] systemd[1]: Listening on Journal Socket.
[[0;32m  OK  [0m] Listening on Journal Socket.
[   15.079729] systemd[1]: Listening on Journal Audit Socket.
[[0;32m  OK  [0m] Listening on Journal Audit Socket.
[   15.089090] systemd[1]: Set up automount Arbitrary Executable File Formats File System Automount Point.
[[0;32m  OK  [0m] Set up automount Arbitrary Executab...ats File System Automount Point.
[   15.102949] systemd[1]: Listening on Journal Socket (/dev/log).
[[0;32m  OK  [0m] Listening on Journal Socket (/dev/log).
[   15.113344] systemd[1]: Created slice System Slice.
[[0;32m  OK  [0m] Created slice System Slice.
[   15.121073] systemd[1]: Reached target Slices.
[[0;32m  OK  [0m] Reached target Slices.
[   15.164793] systemd[1]: Starting Create list of required static device nodes for the current kernel...
         Starting Create list of required st... nodes for the current kernel...
[   15.180651] systemd[1]: Starting Nameserver information manager...
         Starting Nameserver information manager...
[   15.191343] systemd[1]: Mounting Huge Pages File System...
         Mounting Huge Pages File System...
[   15.201765] systemd[1]: Starting Monitoring of LVM2 mirrors, snapshots etc. using dmeventd or progress polling...
         Starting Monitoring of LVM2 mirrors... dmeventd or progress polling...
[   15.288338] systemd[1]: Starting Load Kernel Modules...
         Starting Load Kernel Modules...
[   15.297336] systemd[1]: Mounting Debug File System...
         Mounting Debug File System...
[   15.306849] systemd[1]: Mounting POSIX Message Queue File System...
         Mounting POSIX Message Queue File System...
[   15.328744] systemd[1]: Reached target Encrypted Volumes.
[[0;32m  OK  [0m] Reached target Encrypted Volumes.
[   15.372450] systemd[1]: Starting Remount Root and Kernel File Systems...
         Starting Remount Root and Kernel File Systems...
[   15.394828] systemd[1]: Starting Uncomplicated firewall...
         Starting Uncomplicated firewall...
[   15.409894] systemd[1]: Starting Set console keymap...
         Starting Set console keymap...
[   15.429580] systemd[1]: Created slice system-serial\x2dgetty.slice.
[[0;32m  OK  [0m] Created slice system-serial\x2dgetty.slice.
[   15.449344] systemd[1]: Listening on Syslog Socket.
[[0;32m  OK  [0m] Listening on Syslog Socket.
[   15.460017] EXT4-fs (sda1): re-mounted. Opts: (null)
[   15.477362] systemd[1]: Starting Journal Service...
         Starting Journal Service...
[   15.496792] systemd[1]: Listening on LVM2 poll daemon socket.
[[0;32m  OK  [0m] Listening on LVM2 poll daemon socket.
[   15.56812] systemd[1]: Mounted Huge Pages File System.

[[0;32m  OK  [0m] Mounted Huge Pages File System.
[   15.620736] systemd[1]: Mounted POSIX Message Queue File System.
[[0;32m  OK  [0m] Mounted POSIX Message Queue File System.
[   15.644648] systemd[1]: Moted Debug File System.
[[0;32m  OK  [0m] Mounted Debug File System.
[   15.822282] systemd[1]: Started Create list of required static device nodes for the current kernel.
[[   15.831874] Loading iSCSI transport class v2.0-870.
[0;32m  OK  [0m] Started Create list of required sta...ce nodes for the current kernel.
[   15.861708] systemd[1]: Started Remount Root and Kernel File Systems.
[[0;32m  OK  [0m] Started Remount Root and Kernel File Systems.
[   15.884632] systemd[1]: Started Uncomplicated firewall.
[[0;32m  OK  [0m] Started Uncomplicated firewall.
[   15.972197] systemd[1]: Starting udev Coldplug all Devices...
         Starting udev Coldplug all Devices...
[   15.998489] systemd[1]: Starting Load/Save Random Seed...
         Starting Load/Save Random Seed...
[   16.026018] iscsi: registered transport (tcp)
[   16.027457] systemd[1]: Starting Create Static Device Nodes in /dev...
         Starting Create Static Device Nodes in /dev...
[   16.076197] systemd[1]: Started Nameserver information manager.
[[0;32m  OK  [0m] Started Nameserver information manager.
[   16.272201] systemd[1]: Started LVM2 metadata daemon.
[[0;32m  OK  [0m] Started LVM2 metadata daemon.
[   16.282808] systemd[1]: Started Load/Save Random Seed.
[[0;32m  OK  [0m] Started Load/Save Random Seed.
[   16.517485] systemd[1]: Started udev Coldplug all Devices.
[[0;32m  OK  [0m] Started udev Coldplug all Devices.
[   16.588714] systemd[1]: Started Journal Service.
[[0;32m  OK  [0m] Started Journal Service.
[   16.608706] iscsi: registered transport (iser)
         Starting Flush Journal to Persistent Storage...
[[0;32m  OK  [0m] Started Load Kernel Modules.
         Mounting FUSE Control File System...
         Starting Apply Kernel Variables...
[[0;32m  OK  [0m] Mounted FUSE Control File System.
[[0;32m  OK  [0m] Started Set console keymap.
[   16.804332] systemd-journald[396]: Received request to flush runtime journal from PID 1
[[0;32m  OK  [0m] Started Flush Journal to Persistent Storage.
[[0;32m  OK  [0m] Started Apply Kernel Variables.
[[0;32m  OK  [0m] Started Monitoring of LVM2 mirrors,...ng dmeventd or progress polling.
[[0;32m  OK  [0m] Started Create Static Device Nodes in /dev.
         Starting udev Kernel Device Manager...
[[0;32m  OK  [0m] Reached target Local File Systems (Pre).
[[0;32m  OK  [0m] Reached target Local File Systems.
         Starting Commit a transient machine-id on disk...
         Starting Tell Plymouth To Write Out Runtime Data...
         Starting Initial cloud-init job (pre-networking)...
         Starting Set console font and keymap...
         Starting Create Volatile Files and Directories...
         Starting LSB: AppArmor initialization...
[[0;32m  OK  [0m] Started Commit a transient machine-id on disk.
[[0;32m  OK  [0m] Started Tell Plymouth To Write Out Runtime Data.
[[0;32m  OK  [0m] Started Create Volatile Files and Directories.
         Starting Update UTMP about System Boot/Shutdown...
[[0;32m  OK  [0m] Started Update UTMP about System Boot/Shutdown.
[[0;32m  OK  [0m] Started udev Kernel Device Manager.
[[0;32m  OK  [0m] Started Dispatch Password Requests to Console Directory Watch.
[[0;32m  OK  [0m] Found device /dev/ttyS0.
[[0;32m  OK  [0m] Listening on Load/Save RF Kill Switch Status /dev/rfkill Watch.
[[0;32m  OK  [0m] Started Set console font and keymap.
[[0;32m  OK  [0m] Created slice system-getty.slice.
[[0;32m  OK  [0m] Started LSB: AppArmor initialization.
[   26.462705] cloud-init[470]: Cloud-init v. 19.4-33-gbb4131a2-0ubuntu1~16.04.1 running 'init-local' at Tue, 30 Jun 2020 16:18:32 +0000. Up 25.14 seconds.
[[0;32m  OK  [0m] Started Initial cloud-init job (pre-networking).
[[0;32m  OK  [0m] Reached target Network (Pre).
         Starting Raise network interfaces...
[[0;32m  OK  [0m] Started Raise network interfaces.
         Starting Initial cloud-init job (metadata service crawler)...
[[0;32m  OK  [0m] Reached target Network.
[   32.045700] cloud-init[964]: Cloud-init v. 19.4-33-gbb4131a2-0ubuntu1~16.04.1 running 'init' at Tue, 30 Jun 2020 16:18:35 +0000. Up 28.93 seconds.
[   32.144936] cloud-init[964]: ci-info: ++++++++++++++++++++++++++++++++++++++Net device info+++++++++++++++++++++++++++++++++++++++
[   32.152371] cloud-init[964]: ci-info: +--------+-------+----------------------------+---------------+--------+-------------------+
[   32.160344] cloud-init[964]: ci-info: | Device |   Up  |          Address           |      Mask     | Scope  |     Hw-Address    |
[   32.181869] cloud-init[964]: ci-info: +--------+-------+----------------------------+---------------+--------+-------------------+
[   32.189537] cloud-init[964]: ci-info: | enp0s3 |  True |         10.0.2.15          | 255.255.255.0 | global | 02:89:fa:04:16:8f |
[   32.197011] cloud-init[964]: ci-info: | enp0s3 |  True | fe80::89:faff:fe04:168f/64 |       .       |  link  | 02:89:fa:04:16:8f |
[   32.210441] cloud-init[964]: ci-info: | enp0s8 | False |             .              |       .       |   .    | 08:00:27:b0:a9:0c |
[   32.225649] cloud-init[964]: ci-info: |   lo   |  True |         127.0.0.1          |   255.0.0.0   |  host  |         .         |
[   32.233244] cloud-init[964]: ci-info: |   lo   |  True |          ::1/128           |       .       |  host  |         .         |
[   32.234962] cloud-init[964]: ci-info: +--------+-------+----------------------------+---------------+--------+-------------------+
[   32.235628] cloud-init[964]: ci-info: +++++++++++++++++++++++++++Route IPv4 info++++++++++++++++++++++++++++
[   32.237363] cloud-init[964]: ci-info: +-------+-------------+----------+---------------+-----------+-------+
[[0;32m  OK  [0m] Started Initial cloud-init job (metadata service crawler).
[[0;32m  OK  [0m] Reached target Network is Online.
[   32.252108] cloud-init[964]: ci-info: | Route | Destination | Gateway  |    Genmask    | Interface | Flags |
[   32.319379] cloud-init[964]: ci-info: +-------+-------------+----------+---------------+-----------+-------+
[   32.325784] cloud-init[964]: ci-info: |   0   |   0.0.0.0   | 10.0.2.2 |    0.0.0.0    |   enp0s3  |   UG  |
         Starting iSCSI initiator daemon (iscsid)...
[[0;32m  OK  [0m] Reached target System Initialization.
[[0;32m  OK  [0m] Listening on ACPID Listen Socket.
[[0;32m  OK  [0m] Started Daily Cleanup of Temporary Directories.
[   32.331361] cloud-init[964]: ci-info: |   1   |   10.0.2.0  | 0.0.0.0  | 255.255.255.0 |   enp0s3  |   U   |
[   32.384928] cloud-init[964]: ci-info: +-------+-------------+----------+---------------+-----------+-------+
[   32.385180] cloud-init[964]: ci-info: +++++++++++++++++++Route IPv6 info+++++++++++++++++++
[   32.385697] cloud-init[964]: ci-info: +-------+-------------+---------+-----------+-------+
[   32.385876] cloud-init[964]: ci-info: | Route | Destination | Gateway | Interface | Flags |
[   32.386015] cloud-init[964]: ci-info: +-------+-------------+---------+-----------+-------+
[   32.386177] cloud-init[964]: ci-info: |   0   |  fe80::/64  |    ::   |   enp0s3  |   U   |
[   32.386962] cloud-init[964]: ci-info: |   4   |   ff00::/8  |    ::   |   enp0s3  |   U   |
[   32.387156] cloud-init[964]: ci-info: +-------+-------------+---------+-----------+-------+
[   32.387335] cloud-init[964]: Generating public/private rsa key pair.
[   32.387517] cloud-init[964]: Your identification has been saved in /etc/ssh/ssh_host_rsa_key.
[   32.387746] cloud-init[964]: Your public key has been saved in /etc/ssh/ssh_host_rsa_key.pub.
[   32.387930] cloud-init[964]: The key fingerprint is:
         Starting Socket activation for snappy daemon.
[   32.388263] cloud-init[964]: SHA256:LHhi8sqy/C7Yiq7EK2aOT7NHQYLQFhbWW0iU2rrIljo root@ubuntu-xenial
[[0;32m  OK  [0m] Listening on UUID daemon activation socket.
[   32.481365] cloud-init[964]: The key's randomart image is:
[   32.492447] cloud-init[[0;32m  OK  [0m] Started Daily apt download activities.
[[0;32m  OK  [0m] Started Daily apt upgrade and clean activities.
[[0;32m  OK  [0m] Listening on D-Bus System Message Bus Socket.
[964]: +---[RSA 2048]----+
[   32.509193] cloud-init[964]: |oo=*oo           |
[   32.514733] [[0;32m  OK  [0m] Started ACPI Events Check.
[[0;32m  OK  [0m] Reached target Paths.
[[0;32m  OK  [0m] Started Message of the Day.
cloud-init[964]: |.o+ = .          |
[[0;32m  OK  [0m] Reached target Timers.
[   32.541517] cloud-init[964]: | . = o           |
[   32.581429] cloud-init[964]: |  . +. .         |
[   32.587054] cloud-init[964]: |  ..+.o S        |
[   32.592409] cloud-init[964]:          Starting LXD - unix socket.
[[0;32m  OK  [0m] Reached target Cloud-config availability.
|. .+.o .         |
[   32.616980] [cloud-init[0;32m  OK  [0m[964]: ] |o=+o.            |Listening on Socket activation for snappy daemon.

[   32.618683] [[0;32m  OK  [0m] Listening on LXD - unix socket.
[[0;32m  OK  [0m] Reached target Sockets.
cloud-init[964]: |EX++.            |
[   32.637320] [[0;32m  OK  [0m] Reached target Basic System.
cloud-init[964]: |^@O+             |
[   32.645091] cloud-init[964]: +----[SHA256]-----+
[   32.652532] cloud-init[964]: Generating public/private dsa key pair.         Starting /etc/rc.local Compatibility...

[[0;32m  OK  [0m] Started FUSE filesystem for LXC.
[   32.661969] cloud-init[964]:          Starting System Logging Service...
Your identification has been saved in /etc/ssh/ssh_host_dsa_key.
         Starting Login Service...
[   32.707990] cloud-init[964]: Your public key has been saved in /etc/ssh/ssh_host_dsa_key.pub.
[   32.722920]          Starting LSB: Record successful boot for GRUB...
cloud-init[964]: The key fingerprint is:
[   32.741096]          cloud-initStarting Accounts Service...[964]: 
SHA256:pZSQO2zC6n2iI1ZUrHPZZj3gNb1ZFoNuEqjDzjUVy+E root@ubuntu-xenial
[   32.753272] cloud-init[964]: The key's randomart image is:
[   32.761306] cloud-init[964]: +---[DSA 1024]----+
[   32.769482] cloud-init[964]: |    . ...oo .o.  |
[   32.780883]          Starting Pollinate to seed the pseudo random number generator...
         Starting Virtualbox guest utils...
cloud-init[964]: |     o.+o*oo o.  |[[0;32m  OK  [0m] Started Deferred execution scheduler.

[[0;32m  OK  [0m] Started D-Bus System Message Bus.
[   32.794607] cloud-init[964]: |   .+.=.BE= =    |
[   32.828782] cloud-init[964]: |   +o*=O * =     |
[   32.834946] cloud-init[964]: |  ..=o=.S +      |
[   32.848855] cloud-init[964]: |  .. o           |
[   32.863833] cloud-init[964]: | ...             |
[   32.869542] cloud-init[964]: |..o o .          |
[   32.874906] cloud-init[964]: |...o o           |
[   32.880281] cloud-init[964]: +----[SHA256]-----+
[   32.890312] cloud-init[964]: Generating public/private ecdsa key pair.
[   32.896535] cloud-init[964]: Your identification has been saved in /etc/ssh/ssh_host_ecdsa_key.
[   32.903926] cloud-init[964]: Your public key has been saved in /etc/ssh/ssh_host_ecdsa_key.pub.
[   32.912519] cloud-init[964]: The key fingerprint is:
[   32.920010] cloud-init[964]: SHA256:FW7+z2QDOFkLyHtJC3xKYjzr7FQ6mrxEZiD7IwNQZsE root@ubuntu-xenial
[   32.928585] cloud-init[964]: The key's randomart image is:
[   32.934178] cloud-init[964]: +---[ECDSA 256]---+
[   32.939772] cloud-init[964]: | .=.      .      |
[   32.945886] cloud-init[964]: | +E  . o o .     |
[   32.960540] cloud-init[964]: |o .   = * B .    |
[   32.966709] cloud-init[964]: |.o . . = X B .   |
[   32.972107] cloud-init[964]: |o   + . S O o    |
[   32.977940] cloud-init[964]: |.. + o o . o .   |
[   32.984440] cloud-init[964]: |o o . *     . +  |
[   32.990202] cloud-init[964]: | o + = .     = . |
[   32.995960] cloud-init[964]: |    =..       o  |
[   33.001525] cloud-init[964]: +----[SHA256]-----+
[   33.007499] cloud-init[964]: Generating public/private ed25519 key pair.
[   33.014864] cloud-init[964]: Your identification has been saved in /etc/ssh/ssh_host_ed25519_key.
[   33.022654] cloud-init[964]: Your public key has been saved in /etc/ssh/ssh_host_ed25519_key.pub.
[   33.030247] cloud-init[964]: The key fingerprint is:
[   33.035964] cloud-init[964]: SHA256:qhRCrSnAClnwnQoWcYU2PvRyT0qKoidVIRaNCjiRM84 root@ubuntu-xenial
[   33.043823] cloud-init[964]: The key's randomart image is:
[   33.048896] cloud-init[964]: +--[ED25519 256]--+
[   33.060822] cloud-init[964]: |+*+=o.           |
[   33.066287] cloud-init[964]: |O+*Bo.           |
[   33.070793] cloud-init[964]: |OO*.*.           |
[   33.074976] cloud-init[964]: |*E B.+ .         |
[   33.089378] cloud-init[964]: |o *.B + S        |
[   33.093354] cloud-init[964]: |.o.o o o         |
[   33.115145] cloud-init[964]: |o.  . .          |
[   33.125824] cloud-init[964]: |o .. .           |
[   33.129555] cloud-init[964]: | o  .            |
[   33.133891] cloud-init[964]: +----[SHA256]-----+
         Starting LSB: MD monitoring daemon...
[[0;32m  OK  [0m] Started ACPI event daemon.
         Starting LXD - container startup/shutdown...
[[0;32m  OK  [0m] Started Regular background program processing daemon.
         Starting Snappy daemon...
[[0;32m  OK  [0m] Started System Logging Service.
[[0;32m  OK  [0m] Started iSCSI initiator daemon (iscsid).
[[0;32m  OK  [0m] Started /etc/rc.local Compatibility.
         Starting Login to default iSCSI targets...
[[0;32m  OK  [0m] Started Login Service.
[[0;32m  OK  [0m] Started Unattended Upgrades Shutdown.
         Starting Authenticate and Authorize Users to Run Privileged Tasks...
[[0;32m  OK  [0m] Started Login to default iSCSI targets.
[[0;32m  OK  [0m] Reached target Remote File Systems (Pre).
[[0;32m  OK  [0m] Reached target Remote File Systems.
         Starting Permit User Sessions...
         Starting LSB: daemon to balance interrupts for SMP systems...
         Starting LSB: automatic crash report generation...
         Starting LSB: Set the CPU Frequency Scaling governor to "ondemand"...
[[0;32m  OK  [0m] Started LSB: Set the CPU Frequency Scaling governor to "ondemand".
[[0;32m  OK  [0m] Started Permit User Sessions.
         Starting Hold until boot process finishes up...
         Starting Terminate Plymouth Boot Screen...
[[0;32m  OK  [0m] Started Hold until boot process finishes up.
[[0;32m  OK  [0m] Started Terminate Plymouth Boot Screen.
[[0;32m  OK  [0m] Started Getty on tty1.
         Starting Set console scheme...
[[0;32m  OK  [0m] Started Serial Getty on ttyS0.
[[0;32m  OK  [0m] Reached target Login Prompts.
[[0;32m  OK  [0m] Started LSB: automatic crash report generation.
[[0;32m  OK  [0m] Started Set console scheme.
[[0;32m  OK  [0m] Started LSB: daemon to balance interrupts for SMP systems.
[[0;32m  OK  [0m] Started LSB: Record successful boot for GRUB.
[[0;32m  OK  [0m] Started LSB: MD monitoring daemon.
[[0;32m  OK  [0m] Started Authenticate and Authorize Users to Run Privileged Tasks.
[[0;32m  OK  [0m] Started Accounts Service.
[[0;32m  OK  [0m] Started Virtualbox guest utils.

Ubuntu 16.04.6 LTS ubuntu-xenial ttyS0

ubuntu-xenial login: [   51.043086] cloud-init[1459]: Generating locales (this might take a while)...
[   55.994513] cloud-init[1459]:   en_US.UTF-8... done
[   55.998988] cloud-init[1459]: Generation complete.
[   61.905632] cloud-init[1459]: Cloud-init v. 19.4-33-gbb4131a2-0ubuntu1~16.04.1 running 'modules:config' at Tue, 30 Jun 2020 16:18:57 +0000. Up 50.30 seconds.
ci-info: no authorized SSH keys fingerprints found for user ubuntu.
<14>Jun 30 16:19:11 ec2: 
<14>Jun 30 16:19:11 ec2: #############################################################
<14>Jun 30 16:19:11 ec2: -----BEGIN SSH HOST KEY FINGERPRINTS-----
<14>Jun 30 16:19:11 ec2: 1024 SHA256:pZSQO2zC6n2iI1ZUrHPZZj3gNb1ZFoNuEqjDzjUVy+E root@ubuntu-xenial (DSA)
<14>Jun 30 16:19:11 ec2: 256 SHA256:FW7+z2QDOFkLyHtJC3xKYjzr7FQ6mrxEZiD7IwNQZsE root@ubuntu-xenial (ECDSA)
<14>Jun 30 16:19:11 ec2: 256 SHA256:qhRCrSnAClnwnQoWcYU2PvRyT0qKoidVIRaNCjiRM84 root@ubuntu-xenial (ED25519)
<14>Jun 30 16:19:11 ec2: 2048 SHA256:LHhi8sqy/C7Yiq7EK2aOT7NHQYLQFhbWW0iU2rrIljo root@ubuntu-xenial (RSA)
<14>Jun 30 16:19:11 ec2: -----END SSH HOST KEY FINGERPRINTS-----
<14>Jun 30 16:19:11 ec2: #############################################################
-----BEGIN SSH HOST KEY KEYS-----
ecdsa-sha2-nistp256 AAAAE2VjZHNhLXNoYTItbmlzdHAyNTYAAAAIbmlzdHAyNTYAAABBBOukdMbsztUDQg5w2SRKHCrRot+xrSnFbKdMxM+lOSakuVTyQlCQ0mDnJwCM9Yk4e813/7zIwwJaDXCEHmzl43E= root@ubuntu-xenial
ssh-ed25519 AAAAC3NzaC1lZDI1NTE5AAAAIJ5wo5uq67SuQYSZXuJnsf9gTh/jnPx9i/VJ0aDxguzP root@ubuntu-xenial
ssh-rsa AAAAB3NzaC1yc2EAAAADAQABAAABAQCwkHLgFNhfcnyDmbgVS343oeJPLqy8GhqDXzI1/XyfmH1ixdMn2uH+Mi1i3HiwzdTAnjAnbJ2Cva3bQ8e/WlcOLN7wQX9a0h0U68P5osPn8XFbvS7U0yYKtcqKgL8zA2QcbabGJcL+ZQv/zxxYEdoh42VMw+TYbYjIu2dMnAJUWpB/WnNRevgwCk1VfwpLDe6TaFx/5E26GuAo2d0V2EbGKuQ70x8ibiNSwlLbd5iv6Ij0Pm9atKkH79pf4cR4B//FcAJqfkUkDlqgL9a7IJZAx1eabPXo0UcOchkWQGV9jN8tP19lMY1pJhrSw6BYvwFbdbECwhxkWjOMY2ZHTbJJ root@ubuntu-xenial
-----END SSH HOST KEY KEYS-----
[   64.126557] cloud-init[1916]: Cloud-init v. 19.4-33-gbb4131a2-0ubuntu1~16.04.1 running 'modules:final' at Tue, 30 Jun 2020 16:19:10 +0000. Up 63.26 seconds.
[   64.127038] cloud-init[1916]: ci-info: no authorized SSH keys fingerprints found for user ubuntu.
[   64.127473] cloud-init[1916]: Cloud-init v. 19.4-33-gbb4131a2-0ubuntu1~16.04.1 finished at Tue, 30 Jun 2020 16:19:11 +0000. Datasource DataSourceNoCloud [seed=/dev/sdb][dsmode=net].  Up 64.10 seconds
