[    0.000000] Initializing cgroup subsys cpuset
[    0.000000] Initializing cgroup subsys cpu
[    0.000000] Initializing cgroup subsys cpuacct
[    0.000000] Linux version 4.4.0-184-generic (buildd@lgw01-amd64-060) (gcc version 5.4.0 20160609 (Ubuntu 5.4.0-6ubuntu1~16.04.12) ) #214-Ubuntu SMP Thu Jun 4 10:14:11 UTC 2020 (Ubuntu 4.4.0-184.214-generic 4.4.223)
[    0.000000] Command line: BOOT_IMAGE=/boot/vmlinuz-4.4.0-184-generic root=LABEL=cloudimg-rootfs ro console=tty1 console=ttyS0
[    0.000000] KERNEL supported cpus:
[    0.000000]   Intel GenuineIntel
[    0.000000]   AMD AuthenticAMD
[    0.000000]   Centaur CentaurHauls
[    0.000000] x86/fpu: xstate_offset[2]:  576, xstate_sizes[2]:  256
[    0.000000] x86/fpu: Supporting XSAVE feature 0x01: 'x87 floating point registers'
[    0.00000] x86/fpu: Supporting XSAVE feature 0x02: 'SSE registers'
[    0.000000] x86/fpu: Supporting XSAVE feature 0x04: 'AVX registers'
[    0.000000] x86/fpu: Enable xstate features 0x7, context size is 832 bytes, using 'standard' format.
[    0.000000] e820: BIOS-provided physical RAM map:
[    0.000000] BIOS-e820: [mem 0x0000000000000000-0x000000000009fbff] usable
[    0.000000] BIOS-e820: [mem 0x000000000009fc00-0x000000000009ffff] reserved
[    0.000000] BIOS-e820: [mem 0x00000000000f0000-0x00000000000fffff] reserved
[    0.000000] BIOS-e820: [mem 0x0000000000100000-0x000000003ffeffff] usable
[    0.000000] BIOS-e820: [mem 0x000000003fff0000-0x000000003fffffff] ACPI data
[    0.000000] BIOS-e820: [mem 0x00000000fec00000-0x00000000fec00fff] reserved
[    0.000000] BIOS-e820: [mem 0x00000000fee00000-0x00000000fee00fff] reserved
[    0.000000] BIOS-e820: [mem 0x00000000fffc0000-0x00000000ffffffff] reserved
[    0.000000] NX (Execute Disable) protection: active
[    0.000000] SMBIOS 2.5 present.
[    0.000000] Hypervisor detected: KVM
[    0.000000] e820: last_pfn = 0x3fff0 max_arch_pfn = 0x400000000
[    0.000000] MTRR: Disabled
[    0.000000] x86/PAT: MTRRs disabled, skipping PAT initialization too.
[    0.000000] CPU MTRRs all blank - virtualized system.
[    0.000000] x86/PAT: Configuration [0-7]: WB  WT  UC- UC  WB  WT  UC- UC  
[    0.000000] found SMP MP-table at [mem 0x0009fff0-0x0009ffff] mapped at [ffff88000009fff0]
[    0.000000] Scanning 1 areas for low memory corruption
[    0.000000] RAMDISK: [mem 0x362de000-0x37166fff]
[    0.000000] ACPI: Early table checksum verification disabled
[    0.000000] ACPI: RSDP 0x00000000000E0000 000024 (v02 VBOX  )
[    0.000000] ACPI: XSDT 0x000000003FFF0030 00003C (v01 VBOX   VBOXXSDT 00000001 ASL  00000061)
[    0.000000] ACPI: FACP 0x000000003FFF00F0 0000F4 (v04 VBOX   VBOXFACP 00000001 ASL  00000061)
[    0.000000] ACPI: DSDT 0x000000003FFF0470 0021FF (v02 VBOX   VBOXBIOS 00000002 INTL 20100528)
[    0.000000] ACPI: FACS 0x000000003FFF0200 000040
[    0.000000] ACPI: FACS 0x000000003FFF0200 000040
[    0.000000] ACPI: APIC 0x000000003FFF0240 00005C (v02 VBOX   VBOXAPIC 00000001 ASL  00000061)
[    0.000000] ACPI: SSDT 0x000000003FFF02A0 0001CC (v01 VBOX   VBOXCPUT 00000002 INTL 20100528)
[    0.000000] No NUMA configuration found
[    0.000000] Faking a node at [mem 0x0000000000000000-0x000000003ffeffff]
[    0.000000] NODE_DATA(0) allocated [mem 0x3ffeb000-0x3ffeffff]
[    0.000000] kvm-clock: Using msrs 4b564d01 and 4b564d00
[    0.000000] kvm-clock: cpu 0, msr 0:3ffe3001, primary cpu clock
[    0.000000] kvm-clock: using sched offset of 12889491287 cycles
[    0.000000] clocksource: kvm-clock: mask: 0xffffffffffffffff max_cycles: 0x1cd42e4dffb, max_idle_ns: 881590591483 ns
[    0.000000] Zone ranges:
[    0.000000]   DMA      [mem 0x0000000000001000-0x0000000000ffffff]
[    0.000000]   DMA32    [mem 0x0000000001000000-0x000000003ffeffff]
[    0.000000]   Normal   empty
[    0.000000]   Device   empty
[    0.000000] Movable zone start for each node
[    0.000000] Early memory node ranges
[    0.000000]   node   0: [mem 0x0000000000001000-0x000000000009efff]
[    0.000000]   node   0: [mem 0x0000000000100000-0x000000003ffeffff]
[    0.000000] Initmem setup node 0 [mem 0x0000000000001000-0x000000003ffeffff]
[    0.000000] ACPI: PM-Timer IO Port: 0x4008
[    0.000000] IOAPIC[0]: apic_id 2, version 32, address 0xfec00000, GSI 0-23
[    0.000000] ACPI: INT_SRC_OVR (bus 0 bus_irq 0 global_irq 2 dfl dfl)
[    0.000000] ACPI: INT_SRC_OVR (bus 0 bus_irq 9 global_irq 9 low level)
[    0.000000] Using ACPI (MADT) for SMP configuration information
[    0.000000] smpboot: Allowing 2 CPUs, 0 hotplug CPUs
[    0.000000] PM: Registered nosave memory: [mem 0x00000000-0x00000fff]
[    0.000000] PM: Registered nosave memory: [mem 0x0009f000-0x0009ffff]
[    0.000000] PM: Registered nosave memory: [mem 0x000a0000-0x000effff]
[    0.000000] PM: Registered nosave memory: [mem 0x000f0000-0x000fffff]
[    0.000000] e820: [mem 0x40000000-0xfebfffff] available for PCI devices
[    0.000000] Booting paravirtualized kernel on KVM
[    0.000000] clocksource: refined-jiffies: mask: 0xffffffff max_cycles: 0xffffffff, max_idle_ns: 7645519600211568 ns
[    0.000000] setup_percpu: NR_CPUS:512 nr_cpumask_bits:512 nr_cpu_ids:2 nr_node_ids:1
[    0.000000] PERCPU: Embedded 33 pages/cpu @ffff88003fc00000 s95448 r8192 d31528 u1048576
[    0.000000] Built 1 zonelists in Node order, mobility grouping on.  Total pages: 257912
[    0.000000] Policy zone: DMA32
[    0.000000] Kernel command line: BOOT_IMAGE=/boot/vmlinuz-4.4.0-184-generic root=LABEL=cloudimg-rootfs ro console=tty1 console=ttyS0
[    0.000000] PID hash table entries: 4096 (order: 3, 32768 bytes)
[    0.000000] Memory: 997664K/1048120K available (8632K kernel code, 1336K rwdata, 4036K rodata, 1492K init, 1292K bss, 50456K reserved, 0K cma-reserved)
[    0.000000] SLUB: HWalign=64, Order=0-3, MinObjects=0, CPUs=2, Nodes=1
[    0.000000] Kernel/User page tables isolation: enabled
[    0.000000] Hierarchical RCU implementation.
[    0.000000] 	Build-time adjustment of leaf fanout to 64.
[    0.000000] 	RCU restricting CPUs from NR_CPUS=512 to nr_cpu_ids=2.
[    0.000000] RCU: Adjusting geometry for rcu_fanout_leaf=64, nr_cpu_ids=2
[    0.000000] NR_IRQS:33024 nr_irqs:440 16
[    0.000000] Console: colour VGA+ 80x25
[    0.000000] console [tty1] enabled
[    0.000000] console [ttyS0] enabled
[    0.000000] tsc: Detected 1895.611 MHz processor
[    2.275461] Calibrating delay loop (skipped) preset value.. 3791.22 BogoMIPS (lpj=7582444)
[    2.292301] pid_max: default: 32768 minimum: 301
[    2.303816] ACPI: Core revision 20150930
[    2.319404] ACPI: 2 ACPI AML tables successfully acquired and loaded
[    2.329793] Security Framework initialized
[    2.333783] Yama: becoming mindful.
[    2.337494] AppArmor: AppArmor initialized
[    2.342049] Dentry cache hash table entries: 131072 (order: 8, 1048576 bytes)
[    2.364501] Inode-cache hash table entries: 65536 (order: 7, 524288 bytes)
[    2.373846] Mount-cache hash table entries: 2048 (order: 2, 16384 bytes)
[    2.393391] Mountpoint-cache hash table entries: 2048 (order: 2, 16384 bytes)
[    2.413223] Initializing cgroup subsys io
[    2.419690] Initializing cgroup subsys memory
[    2.423987] Initializing cgroup subsys devices
[    2.428082] Initializing cgroup subsys freezer
[    2.434789] Initializing cgroup subsys net_cls
[    2.440518] Initializing cgroup subsys perf_event
[    2.445316] Initializing cgroup subsys net_prio
[    2.450265] Initializing cgroup subsys hugetlb
[    2.453930] Initializing cgroup subsys pids
[    2.465656] mce: CPU supports 0 MCE banks
[    2.468854] Last level iTLB entries: 4KB 1024, 2MB 1024, 4MB 1024
[    2.473802] Last level dTLB entries: 4KB 1024, 2MB 1024, 4MB 1024, 1GB 4
[    2.478822] Spectre V1 : Mitigation: usercopy/swapgs barriers and __user pointer sanitization
[    2.489601] Spectre V2 : Mitigation: Full generic retpoline
[    2.494205] Spectre V2 : Spectre v2 / SpectreRSB mitigation: Filling RSB on context switch
[    2.503475] Speculative Store Bypass: Vulnerable
[    2.507793] SRBDS: Unknown: Dependent on hypervisor status
[    2.512702] MDS: Vulnerable: Clear CPU buffers attempted, no microcode
[    2.531247] Freeing SMP alternatives memory: 36K
[    2.558520] ftrace: allocating 32319 entries in 127 pages
[    2.753102] smpboot: APIC(0) Converting physical 0 to logical package 0
[    2.757335] smpboot: Max logical packages: 1
[    2.763438] x2apic enabled
[    2.766966] Switched APIC routing to physical x2apic.
[    2.775509] ..TIMER: vector=0x30 apic1=0 pin1=2 apic2=-1 pin2=-1
[    2.891084] smpboot: CPU0: Intel(R) Core(TM) i3-4030U CPU @ 1.90GHz (family: 0x6, model: 0x45, stepping: 0x1)
[    2.899531] Performance Events: unsupported p6 CPU model 69 no PMU driver, software events only.
[    2.933669] KVM setup paravirtual spinlock
[    2.939930] x86: Booting SMP configuration:
[    2.943513] .... node  #0, CPUs:      #1
[    2.949381] kvm-clock: cpu 1, msr 0:3ffe3041, secondary cpu clock
[    3.010522] mce: CPU supports 0 MCE banks
[    3.036812] x86: Booted up 1 node, 2 CPUs
[    3.041348] smpboot: Total of 2 processors activated (7582.44 BogoMIPS)
[    3.048259] devtmpfs: initialized
[    3.085642] evm: security.selinux
[    3.089205] evm: security.SMACK64
[    3.092156] evm: security.SMACK64EXEC
[    3.097101] evm: security.SMACK64TRANSMUTE
[    3.100918] evm: security.SMACK64MMAP
[    3.104058] evm: security.ima
[    3.106841] evm: security.capability
[    3.110822] clocksource: jiffies: mask: 0xffffffff max_cycles: 0xffffffff, max_idle_ns: 7645041785100000 ns
[    3.121421] futex hash table entries: 512 (order: 3, 32768 bytes)
[    3.126923] pinctrl core: initialized pinctrl subsystem
[    3.131716] RTC time: 10:28:50, date: 07/01/20
[    3.138925] NET: Registered protocol family 16
[    3.160466] cpuidle: using governor ladder
[    3.183459] cpuidle: using governor menu
[    3.186600] PCCT header not found.
[    3.189517] ACPI: bus type PCI registered
[    3.192870] acpiphp: ACPI Hot Plug PCI Controller Driver version: 0.5
[    3.202390] PCI: Using configuration type 1 for base access
[    3.233487] ACPI: Added _OSI(Module Device)
[    3.236670] ACPI: Added _OSI(Processor Device)
[    3.241163] ACPI: Added _OSI(3.0 _SCP Extensions)
[    3.245556] ACPI: Added _OSI(Processor Aggregator Device)
[    3.254553] ACPI: Executed 1 blocks of module-level executable AML code
[    3.276424] ACPI: Interpreter enabled
[    3.286549] ACPI: (supports S0 S5)
[    3.289373] ACPI: Using IOAPIC for interrupt routing
[    3.293762] PCI: Using host bridge windows from ACPI; if necessary, use "pci=nocrs" and report a bug
[    3.323391] ACPI: PCI Root Bridge [PCI0] (domain 0000 [bus 00-ff])
[    3.327462] acpi PNP0A03:00: _OSC: OS supports [ASPM ClockPM Segments MSI]
[    3.333760] acpi PNP0A03:00: _OSC: not requesting OS control; OS requires [ExtendedConfig ASPM ClockPM MSI]
[    3.362565] acpi PNP0A03:00: fail to add MMCONFIG information, can't access extended PCI configuration space under this bridge.
[    3.373907] PCI host bridge to bus 0000:00
[    3.377086] pci_bus 0000:00: root bus resource [io  0x0000-0x0cf7 window]
[    3.386309] pci_bus 0000:00: root bus resource [io  0x0d00-0xffff window]
[    3.390650] pci_bus 0000:00: root bus resource [mem 0x000a0000-0x000bffff window]
[    3.400892] pci_bus 0000:00: root bus resource [mem 0x40000000-0xfdffffff window]
[    3.410693] pci_bus 0000:00: root bus resource [bus 00-ff]
[    3.430174] pci 0000:00:01.1: legacy IDE quirk: reg 0x10: [io  0x01f0-0x01f7]
[    3.441705] pci 0000:00:01.1: legacy IDE quirk: reg 0x14: [io  0x03f6]
[    3.447214] pci 0000:00:01.1: legacy IDE quirk: reg 0x18: [io  0x0170-0x0177]
[    3.513016] pci 0000:00:01.1: legacy IDE quirk: reg 0x1c: [io  0x0376]
[    3.583475] pci 0000:00:07.0: quirk: [io  0x4000-0x403f] claimed by PIIX4 ACPI
[    3.593584] pci 0000:00:07.0: quirk: [io  0x4100-0x410f] claimed by PIIX4 SMB
[    3.646560] ACPI: PCI Interrupt Link [LNKA] (IRQs 5 9 10 *11)
[    3.659645] ACPI: PCI Interrupt Link [LNKB] (IRQs 5 9 *10 11)
[    3.668730] ACPI: PCI Interrupt Link [LNKC] (IRQs 5 *9 10 11)
[    3.684523] ACPI: PCI Interrupt Link [LNKD] (IRQs 5 9 10 *11)
[    3.697890] ACPI: Enabled 2 GPEs in block 00 to 07
[    3.704909] vgaarb: setting as boot device: PCI:0000:00:02.0
[    3.709723] vgaarb: device added: PCI:0000:00:02.0,decodes=io+mem,owns=io+mem,locks=none
[    3.719888] vgaarb: loaded
[    3.723419] vgaarb: bridge control possible 0000:00:02.0
[    3.729810] SCSI subsystem initialized
[    3.733818] ACPI: bus type USB registered
[    3.738080] usbcore: registered new interface driver usbfs
[    3.742530] usbcore: registered new interface driver hub
[    3.748699] usbcore: registered new device driver usb
[    3.757019] PCI: Using ACPI for IRQ routing
[    3.766809] NetLabel: Initializing
[    3.770635] NetLabel:  domain hash size = 128
[    3.774685] NetLabel:  protocols = UNLABELED CIPSOv4
[    3.790551] NetLabel:  unlabeled traffic allowed by default
[    3.798121] amd_nb: Cannot enumerate AMD northbridges
[    3.810510] clocksource: Switched to clocksource kvm-clock
[    3.872016] AppArmor: AppArmor Filesystem Enabled
[    3.876352] pnp: PnP ACPI init
[    3.885583] pnp: PnP ACPI: found 3 devices
[    3.919083] clocksource: acpi_pm: mask: 0xffffff max_cycles: 0xffffff, max_ide_ns: 2085701024 ns
[    3.987535] NET: Registered protocol family 2

[    3.992043] TCP established hash table entries: 8192 (order: 4, 65536 bytes)
[    3.998661 TCP bind hash table entries: 8192 (order: 5, 131072 bytes)
[    4.107548] TCP: Hash tables configured (established 8192 bind 8192)
[    4.113602] UDP hash table entries: 512 (order: 2, 16384 bytes)
[    4.120269] UDP-Lite hash table entries: 512 (order: 2, 16384 bytes)
[    4.125411] NET: Registereprotocol family 1
[    4.256129] pci 0000:00:00.0: Limiting direct PCI/PCI transfers
[    4.260818] pci 0000:00:01.0: Activating ISA DMA hang workarounds
[    4.267289] Unpacking initramfs...

[    5.472306] Freeing initrd memory: 14884K
[    5.475734] RAPL PMU detected, API unit is 2^-32 Joules, 4 fixed counters 10737418240 ms ovfl timer
[    5.486409] hw unit of domain pp0-core 2^-0 Joules
[    5.489928] hw unit of domain package 2^-0 Joules
[    5.495083] hw unit of domain dram 2^-0 Joules
[    5.499619] hw unit of domain pp1-gpu 2^-0 Joules
[    5.510642] clocksource: tsc: mask: 0xffffffffffffffff max_cycles: 0x36a5f415104, max_idle_ns: 881590682539 ns
[    5.528770] platform rtc_cmos: registered platform RTC device (no PNP device found)
[    5.534819] Scanning for low memory corruption every 60 seconds
[    5.540982] audit: initializing netlink subsys (disabled)
[    5.557299] audit: type=2000 audit(1593599344.093:1): initialized
[    5.569472] Initialise system trusted keyring
[    5.573588] HugeTLB registered 2 MB page size, pre-allocated 0 pages
[    5.585432] zbud: loaded
[    5.589114] VFS: Disk quotas dquot_6.6.0
[    5.592374] VFS: Dquot-cache hash table entries: 512 (order 0, 4096 bytes)
[    5.602649] squashfs: version 4.0 (2009/01/31) Phillip Lougher
[    5.607808] fuse init (API version 7.23)
[    5.617799] Key type big_key registered
[    5.621298] Allocating IMA MOK and blacklist keyrings.
[    5.637735] Key type asymmetric registered
[    5.643939] Asymmetric key parser 'x509' registered
[    5.648816] Block layer SCSI generic (bsg) driver version 0.4 loaded (major 249)
[    5.662940] io scheduler noop registered
[    5.668569] io scheduler deadline registered (default)
[    5.677386] io scheduler cfq registered
[    5.684530] pci_hotplug: PCI Hot Plug PCI Core version: 0.5
[    5.695399] pciehp: PCI Express Hot Plug Controller Driver version: 0.4
[    5.703025] ACPI: AC Adapter [AC] (on-line)
[    5.708947] input: Power Button as /devices/LNXSYSTM:00/LNXPWRBN:00/input/input0
[    5.720598] ACPI: Power Button [PWRF]
[    5.745589] input: Sleep Button as /devices/LNXSYSTM:00/LNXSLPBN:00/input/input1
[    5.759266] ACPI: Sleep Button [SLPF]
[    5.772268] GHES: HEST is not enabled!
[    5.776487] ACPI: Battery Slot [BAT0] (battery present)
[    5.796414] Serial: 8250/16550 driver, 32 ports, IRQ sharing enabled
[    5.879456] 00:02: ttyS0 at I/O 0x3f8 (irq = 4, base_baud = 115200) is a 16550A
[    5.949251] Linux agpgart interface v0.103
[    5.970881] loop: module loaded
[    5.986725] scsi host0: ata_piix
[    6.005496] scsi host1: ata_piix
[    6.020505] ata1: PATA max UDMA/33 cmd 0x1f0 ctl 0x3f6 bmdma 0xd000 irq14
[    6.104742] ata2: PATA max UDMA/33 cmd 0x170 ctl 0x376 bmdma 0xd008 irq 15
[    6.114417] libphy: Fixed MDIO Bus: probed
[    6.118356] tun: Universal TUN/TAP device driver, 1.6
[    6.123374] tun: (C) 1999-2004 Max Krasnyansky <maxk@qualcomm.com>
[    6.129249] PPP generic driver version 2.4.2
[    6.136373] ehci_hcd: USB 2.0 'Enhanced' Host Controller (EHCI) Driver
[    6.142509] ehci-pci: EHCI PCI platform driver
[    6.147104] ehci-platform: EHCI generic platform driver
[    6.152492] ohci_hcd: USB 1.1 'Open' Host Controller (OHCI) Driver
[    6.157716] ohci-pci: OHCI PCI platform driver
[    6.162380] ohci-platform: OHCI generic platform driver
[    6.170372] uhci_hcd: USB Universal Host Controller Interface driver
[    6.177635] i8042: PNP: PS/2 Controller [PNP0303:PS2K,PNP0f03:PS2M] at 0x60,0x64 irq 1,12
[    6.188765] serio: i8042 KBD port at 0x60,0x64 irq 1
[    6.195378] serio: i8042 AUX port at 0x60,0x64 irq 12
[    6.274501] mousedev: PS/2 mouse device common for all mice
[    6.282805] input: AT Translated Set 2 keyboard as /devices/platform/i8042/serio0/input/input2
[    6.293848] rtc_cmos rtc_cmos: rtc core: registered rtc_cmos as rtc0
[    6.300506] rtc_cmos rtc_cmos: alarms up to one day, 114 bytes nvram
[    6.307716] i2c /dev entries driver
[    6.318846] device-mapper: uevent: version 1.0.3
[    6.323718] device-mapper: ioctl: 4.34.0-ioctl (2015-10-28) initialised: dm-devel@redhat.com
[    6.338155] ledtrig-cpu: registered to indicate activity on CPUs
[    6.350999] NET: Registered protocol family 10
[    6.355619] NET: Registered protocol family 17
[    6.359747] Key type dns_resolver registered
[    6.365294] registered taskstats version 1
[    6.369917] Loading compiled-in X.509 certificates
[    6.377295] Loaded X.509 cert 'Build time autogenerated kernel key: b6ae09eed57f82583ccd3c65c463e852cdd7a0b5'
[    6.388722] zswap: loaded using pool lzo/zbud
[    6.409628] Key type trusted registered
[    6.429647] Key type encrypted registered
[    6.434054] AppArmor: AppArmor sha1 policy hashing enabled
[    6.439270] ima: No TPM chip found, activating TPM-bypass!
[    6.445429] ima: Allocated hash algorithm: sha1
[    6.459358] evm: HMAC attrs: 0x1
[    6.465779]   Magic number: 12:66:476
[    6.472583] rtc_cmos rtc_cmos: setting system clock to 2020-07-01 10:28:53 UTC (1593599333)
[    6.484386] BIOS EDD facility v0.16 2004-Jun-25, 0 devices found
[    6.503655] EDD information not available.
[    6.517669] Freeing unused kernel memory: 1492K
[    6.539133] Write protecting the kernel read-only data: 14336k
[    6.545334] Freeing unused kernel memory: 1596K
[    6.552923] Freeing unused kernel memory: 60K
Loading, please wait...
starting version 229
[    6.612943] random: systemd-udevd: uninitialized urandom read (16 bytes read, 3 bits of entropy available)
[    6.616177] random: udevadm: uninitialized urandom read (16 bytes read, 3 bits of entropy available)
[    6.616254] random: udevadm: uninitialized urandom read (16 bytes read, 3 bits of entropy available)
[    6.659562] random: udevadm: uninitialized urandom read (16 bytes read, 3 bits of entropy available)
[    6.659763] random: udevadm: uninitialized urandom read (16 bytes read, 3 bits of entropy available)
[    6.660813] random: udevadm: uninitialized urandom read (16 bytes read, 3 bits of entropy available)
[    6.661773] random: udevadm: uninitialized urandom read (16 bytes read, 3 bits of entropy available)
[    6.662196] random: udevadm: uninitialized urandom read (16 bytes read, 3 bits of entropy available)
[    6.662402] random: udevadm: uninitialized urandom read (16 bytes read, 3 bits of entropy available)
[    6.662611] random: udevadm: uninitialized urandom read (16 bytes read, 3 bits of entropy available)
[    6.955899] e1000: Intel(R) PRO/1000 Network Driver - version 7.3.21-k8-NAPI
[    6.975741] e1000: Copyright (c) 1999-2006 Intel Corporation.
[    7.050947] Fusion MPT base driver 3.04.20
[    7.062597] Copyright (c) 1999-2008 LSI Corporation
[    7.155703] AVX2 version of gcm_enc/dec engaged.
[    7.159873] AES CTR mode by8 optimization enabled
[    7.218224] Fusion MPT SPI Host driver 3.04.20
[    7.289486] input: ImExPS/2 Generic Explorer Mouse as /devices/platform/i8042/serio1/input/input4
[    7.863137] e1000 0000:00:03.0 eth0: (PCI:33MHz:32-bit) 02:89:fa:04:16:8f
[    7.867926] e1000 0000:00:03.0 eth0: Intel(R) PRO/1000 Network Connection
[    7.877387] mptbase: ioc0: Initiating bringup
[    7.948167] ioc0: LSI53C1030 A0: Capabilities={Initiator}
[    8.148555] scsi host2: ioc0: LSI53C1030 A0, FwRev=00000000h, Ports=1, MaxQ=256, IRQ=20
[    8.283859] scsi 2:0:0:0: Direct-Access     VBOX     HARDDISK         1.0  PQ: 0 ANSI: 5
[    8.534743] scsi target2:0:0: Beginning Domain Validation
[    8.542340] scsi target2:0:0: Domain Validation skipping write tests
[    8.546515] scsi target2:0:0: Ending Domain Validation
[    8.551076] scsi target2:0:0: asynchronous
[    8.632647] scsi 2:0:1:0: Direct-Access     VBOX     HARDDISK         1.0  PQ: 0 ANSI: 5
[    8.645698] scsi target2:0:1: Beginning Domain Validation
[    8.675402] scsi target2:0:1: Domain Validation skipping write tests
[    8.690121] scsi target2:0:1: Ending Domain Validation
[    8.695627] scsi target2:0:1: asynchronous
[    8.732588] sd 2:0:0:0: Attached scsi generic sg0 type 0
[    8.745069] sd 2:0:0:0: [sda] 20971520 512-byte logical blocks: (10.7 GB/10.0 GiB)
[    8.761942] sd 2:0:1:0: Attached scsi generic sg1 type 0
[    8.769230] sd 2:0:1:0: [sdb] 20480 512-byte logical blocks: (10.5 MB/10.0 MiB)
[    8.769760] sd 2:0:1:0: [sdb] Write Protect is off
[    8.770149] sd 2:0:1:0: [sdb] Incomplete mode parameter data
[    8.770155] sd 2:0:1:0: [sdb] Assuming drive cache: write through
[    8.837901] sd 2:0:0:0: [sda] Write Protect is off
[    8.856693] sd 2:0:0:0: [sda] Incomplete mode parameter data
[    8.856700] sd 2:0:0:0: [sda] Assuming drive cache: write through
[    8.966844]  sda: sda1
[    8.991220] sd 2:0:0:0: [sda] Attached SCSI disk
[    9.019630] sd 2:0:1:0: [sdb] Attached SCSI disk
[    9.431472] e1000 0000:00:08.0 eth1: (PCI:33MHz:32-bit) 08:00:27:a0:37:00
[    9.437198] e1000 0000:00:08.0 eth1: Intel(R) PRO/1000 Network Connection
[    9.458511] e1000 0000:00:03.0 enp0s3: renamed from eth0
[    9.475516] e1000 0000:00:08.0 enp0s8: renamed from eth1
Begin: Loading essential drivers ... [   12.397776] md: linear personality registered for level -1
[   12.424399] md: multipath personality registered for level -4
[   12.443260] md: raid0 personality registered for level 0
[   12.465805] md: raid1 personality registered for level 1
[   12.555894] raid6: sse2x1   gen()  1259 MB/s
[   12.638874] raid6: sse2x1   xor()   737 MB/s
[   12.707239] raid6: sse2x2   gen()  2287 MB/s
[   12.775017] raid6: sse2x2   xor()  1115 MB/s
[   12.850886] raid6: sse2x4   gen()  2937 MB/s
[   12.922848] raid6: sse2x4   xor()  1065 MB/s
[   12.997247] raid6: avx2x1   gen()  2083 MB/s
[   13.077621] raid6: avx2x2   gen()  3816 MB/s
[   13.150695] raid6: avx2x4   gen()  5166 MB/s
[   13.155195] raid6: using algorithm avx2x4 gen() 5166 MB/s
[   13.160289] raid6: using avx2x2 recovery algorithm
[   13.171628] xor: automatically using best checksumming function:
[   13.214571]    avx       :  8879.000 MB/sec
[   13.221324] async_tx: api initialized (async)
[   13.274482] md: raid6 personality registered for level 6
[   13.283027] md: raid5 personality registered for level 5
[   13.288232] md: raid4 personality registered for level 4
[   13.316230] md: raid10 personality registered for level 10
done.
Begin: Running /scripts/init-premount ... done.
Begin: Mounting root file system ... Begin: Running /scripts/local-top ... done.
Begin: Running /scripts/local-premount ... [   13.463780] Btrfs loaded
Scanning for Btrfs filesystems
done.
Warning: fsck not present, so skipping root file system
[   13.653988] EXT4-fs (sda1): mounted filesystem with ordered data mode. Opts: (null)
done.
Begin: Running /scripts/local-bottom ... done.
Begin: Running /scripts/init-bottom ... done.
[   14.779184] random: nonblocking pool is initialized
[   15.274920] systemd[1]: systemd 229 running in system mode. (+PAM +AUDIT +SELINUX +IMA +APPARMOR +SMACK +SYSVINIT +UTMP +LIBCRYPTSETUP +GCRYPT +GNUTLS +ACL +XZ -LZ4 +SECCOMP +BLKID +ELFUTILS +KMOD -IDN)
[   15.291484] systemd[1]: Detected virtualization oracle.
[   15.295470] systemd[1]: Detected architecture x86-64.

Welcome to [1mUbuntu 16.04.6 LTS[0m!

[   15.385379] systemd[1]: Set hostname to <ubuntu>.
[   15.433801] systemd[1]: Initializing machine ID from random generator.
[   15.446368] systemd[1]: Installed transient /etc/machine-id file.
[   17.073125] systemd[1]: Listening on Syslog Socket.
[[0;32m  OK  [0m] Listening on Syslog Socket.
[   17.108908] systemd[1]: Listening on udev Control Socket.
[[0;32m  OK  [0m] Listening on udev Control Socket.
[   17.119695] systemd[1]: Listening on LVM2 metadata daemon socket.
[[0;32m  OK  [0m] Listening on LVM2 metadata daemon socket.
[   17.149979] systemd[1]: Listening on LVM2 poll daemon socket.
[[0;32m  OK  [0m] Listening on LVM2 poll daemon socket.
[   17.163576] systemd[1]: Listening on Journal Audit Socket.
[[0;32m  OK  [0m] Listening on Journal Audit Socket.
[   17.227634] systemd[1]: Reached target User and Group Name Lookups.
[[0;32m  OK  [0m] Reached target User and Group Name Lookups.
[   17.289486] systemd[1]: Started Forward Password Requests to Wall Directory Watch.
[[0;32m  OK  [0m] Started Forward Password Requests to Wall Directory Watch.
[   17.324103] systemd[1]: Started Trigger resolvconf update for networkd DNS.
[[0;32m  OK  [0m] Started Trigger resolvconf update for networkd DNS.
[   17.363953] systemd[1]: Reached target Encrypted Volumes.
[[0;32m  OK  [0m] Reached target Encrypted Volumes.
[   17.396236] systemd[1]: Listening on Journal Socket (/dev/log).
[[0;32m  OK  [0m] Listening on Journal Socket (/dev/log).
[   17.412557] systemd[1]: Listening on udev Kernel Socket.
[[0;32m  OK  [0m] Listening on udev Kernel Socket.
[   17.426251] systemd[1]: Created slice System Slice.
[[0;32m  OK  [0m] Created slice System Slice.
[   17.439961] systemd[1]: Created slice system-serial\x2dgetty.slice.
[[0;32m  OK  [0m] Created slice system-serial\x2dgetty.slice.
[   17.451381] systemd[1]: Listening on /dev/initctl Compatibility Named Pipe.
[[0;32m  OK  [0m] Listening on /dev/initctl Compatibility Named Pipe.
[   17.487158] systemd[1]: Listening on Device-mapper event daemon FIFOs.
[[0;32m  OK  [0m] Listening on Device-mapper event daemon FIFOs.
[   17.531952] systemd[1]: Set up automount Arbitrary Executable File Formats File System Automount Point.
[[0;32m  OK  [0m] Set up automount Arbitrary Executab...ats File System Automount Point.
[   17.581386] systemd[1]: Created slice User and Session Slice.
[[0;32m  OK  [0m] Created slice User and Session Slice.
[   17.609754] systemd[1]: Reached target Slices.
[[0;32m  OK  [0m] Reached target Slices.
[   17.634426] systemd[1]: Reached target Swap.
[[0;32m  OK  [0m] Reached target Swap.
[   17.663935] systemd[1]: Reached target System Time Synchronized.
[[0;32m  OK  [0m] Reached target System Time Synchronized.
[   17.686345] systemd[1]: Listening on Journal Socket.
[[0;32m  OK  [0m] Listening on Journal Socket.
[   17.711472] systemd[1]: Mounting Debug File System...
         Mounting Debug File System...
[   17.733500] systemd[1]: Starting Nameserver information manager...
         Starting Nameserver information manager...
[   17.753714] systemd[1]: Starting Remount Root and Kernel File Systems...
         Starting Remount Root and Kernel File Systems...
[   17.795454] systemd[1]: Starting Uncomplicated firewall...
         Starting Uncomplicated firewall...
[   17.818915] systemd[1]: Mounting Huge Pages File System...
         Mounting Huge Pages File System...
[   17.979006] EXT4-fs (sda1): re-mounted. Opts: (null)
[   18.023015] systemd[1]: Starting Load Kernel Modules...
         Starting Load Kernel Modules...
[   18.175029] systemd[1]: Mounting POSIX Message Queue File System...
         Mounting POSIX Message Queue File System...
[   18.197120] systemd[1]: Starting Journal Service...
         Starting Journal Service...
[   18.253336] systemd[1]: Starting Set console keymap...
         Starting Set console keymap...
[   18.275410] systemd[1]: Starting Monitoring of LVM2 mirrors, snapshots etc. using dmeventd or progress polling...
         Starting Monitoring of LVM2 mirrors... dmeventd or progress polling...
[   18.335593] systemd[1]: Starting Create list of required static device nodes for the current kernel...
[   18.388526] Loading iSCSI transport class v2.0-870.
         Starting Create list of required st... nodes for the current kernel...
[   18.488003] systemd[1]: Mounted Huge Pages File System.
[[0;32m  OK  [0m] Mounted Huge Pages File System.
[   18.504199] systemd[1]: Mounted POSIX Message Queue File System.
[[0;32m  OK  [0m] Mounted POSIX Message Queue File System.
[   18.539234] systemd[1]: Mounted Debug File System.
[[0;32m  OK  [0m] Mounted Debug File System.
[   18.585586] systemd[1]: Started Remount Root and Kernel File Systems.
[[0;32m  OK  [0m] Started Remount Root and Kernel File Systems.
[   18.623683] systemd[1]: Started Uncomplicated firewall.
[[0;32m  OK  [0m] Started Uncomplicated firewall.
[   18.714910] systemd[1]: Starting udev Coldplug all Devices...
         Starting udev Coldplug [   18.746310] iscsi: registered transport (tcp)
all Devices...
[   18.783282] systemd[1]: Starting Load/Save Random Seed...
         Starting Load/Save Random Seed...
[   18.809305] systemd[1]: Started Create list of required static device nodes for the current kernel.
[[0;32m  OK  [0m] Started Create list of required sta...ce nodes for the current kernel.
[   18.891604] systemd[1]: Started Nameserver information manager.
[[0;32m  OK  [0m] Started Nameserver information manager.
[   19.019821] systemd[1]: Starting Create Static Device Nodes in /dev...
         Starting Create Static Device Nodes in /dev...
[   19.068952] systemd[1]: Started Load/Save Random Seed.
[[0;32m  OK  [0m] Started Load/Save Random Seed.
[   19.323366] systemd[1]: Started Journal Service.
[[0;32m  OK  [0m] Started Journal Service.
         Starting Flush Journal to Persistent Storage...
[[0;32m  OK  [0m] Started udev Coldplug all Devices.
[[0;32m  OK  [0m] Started LVM2 metadata daemon.
[   19.577921] iscsi: registered transport (iser)
[[0;32m  OK  [0m] Started Load Kernel Modules.
[[0;32m  OK  [0m] Started Set console keymap.
[   19.655557] systemd-journald[397]: Received request to flush runtime journal from PID 1
         Starting Apply Kernel Variables...
         Mounting FUSE Control File System...
[[0;32m  OK  [0m] Started Flush Journal to Persistent Storage.
[[0;32m  OK  [0m] Mounted FUSE Control File System.
[[0;32m  OK  [0m] Started Apply Kernel Variables.
[[0;32m  OK  [0m] Started Create Static Device Nodes in /dev.
         Starting udev Kernel Device Manager...
[[0;32m  OK  [0m] Started Monitoring of LVM2 mirrors,...ng dmeventd or progress polling.
[[0;32m  OK  [0m] Reached target Local File Systems (Pre).
[[0;32m  OK  [0m] Reached target Local File Systems.
         Starting Set console font and keymap...
         Starting LSB: AppArmor initialization...
         Starting Tell Plymouth To Write Out Runtime Data...
         Starting Initial cloud-init job (pre-networking)...
         Starting Commit a transient machine-id on disk...
         Starting Create Volatile Files and Directories...
[[0;32m  OK  [0m] Started udev Kernel Device Manager.
[[0;32m  OK  [0m] Started Dispatch Password Requests to Console Directory Watch.
[[0;32m  OK  [0m] Started Commit a transient machine-id on disk.
[[0;32m  OK  [0m] Started Create Volatile Files and Directories.
         Starting Update UTMP about System Boot/Shutdown...
[[0;32m  OK  [0m] Started Update UTMP about System Boot/Shutdown.
[[0;32m  OK  [0m] Started Tell Plymouth To Write Out Runtime Data.
[[0;32m  OK  [0m] Found device /dev/ttyS0.
[[0;32m  OK  [0m] Listening on Load/Save RF Kill Switch Status /dev/rfkill Watch.
[[0;32m  OK  [0m] Started Set console font and keymap.
[[0;32m  OK  [0m] Created slice system-getty.slice.
[[0;32m  OK  [0m] Started LSB: AppArmor initialization.
[   31.774041] cloud-init[487]: Cloud-init v. 19.4-33-gbb4131a2-0ubuntu1~16.04.1 running 'init-local' at Wed, 01 Jul 2020 10:29:19 +0000. Up 30.19 seconds.
[[0;32m  OK  [0m] Started Initial cloud-init job (pre-networking).
[[0;32m  OK  [0m] Reached target Network (Pre).
         Starting Raise network interfaces...
[[0;32m  OK  [0m] Started Raise network interfaces.
         Starting Initial cloud-init job (metadata service crawler)...
[[0;32m  OK  [0m] Reached target Network.
[   39.290485] cloud-init[973]: Cloud-init v. 19.4-33-gbb4131a2-0ubuntu1~16.04.1 running 'init' at Wed, 01 Jul 2020 10:29:24 +0000. Up 35.10 seconds.
[   39.323840] cloud-init[973]: ci-info: ++++++++++++++++++++++++++++++++++++++Net device info+++++++++++++++++++++++++++++++++++++++
[   39.427569] cloud-init[973]: ci-info: +--------+-------+----------------------------+---------------+--------+-------------------+
[   39.450147] cloud-init[973]: ci-info: | Device |   Up  |          Address           |      Mask     | Scope  |     Hw-Address    |
[   39.496182] cloud-init[973]: ci-info: +--------+-------+----------------------------+---------------+--------+-------------------+
[   39.542858] cloud-init[973]: ci-info: | enp0s3 |  True |         10.0.2.15          | 255.255.255.0 | global | 02:89:fa:04:16:8f |
[   39.595041] cloud-init[973]: ci-info: | enp0s3 |  True | fe80::89:faff:fe04:168f/64 |       .       |  link  | 02:89:fa:04:16:8f |
[   39.596174] cloud-init[973]: ci-info: | enp0s8 | False |             .              |       .       |   .    | 08:00:27:a0:37:00 |
[   39.596710] cloud-init[973]: ci-info: |   lo   |  True |         127.0.0.1          |   255.0.0.0   |  host  |         .         |
[   39.597298] cloud-init[973]: ci-info: |   lo   |  True |          ::1/128           |       .       |  host  |         .         |
[   39.597860] cloud-init[973]: ci-info: +--------+-------+----------------------------+---------------+--------+-------------------+
[   39.598316] cloud-init[973]: ci-info: +++++++++++++++++++++++++++Route IPv4 info++++++++++++++++++++++++++++
[[0;32m  OK  [0m] Started Initial cloud-init job (metadata service crawler).
[   39.600168] cloud-init[973]: ci-info: +-------+-------------+----------+---------------+-----------+-------+
[   39.692725] cloud-init[973]: ci-info: | Route | Destination | Gateway  |    Genmask    | Interface | Flags |
[   39.693819] cloud-init[973]: ci-info: +-------+-------------+----------+---------------+-----------+-------+
[[0;32m  OK  [0m] Reached target System Initialization.
[[   39.695271] cloud-init[973]: ci-info: |   0   |   0.0.0.0   | 10.0.2.2 |    0.0.0.0    |   enp0s3  |   UG  |
[   39.717014] cloud-init[973]: ci-info: |   1   |   10.0.2.0  | 0.0.0.0  | 255.255.255.0 |   enp0s3  |   U   |[0;32m  OK  [0m] Listening on D-Bus System Message Bus Socket.

[   39.817349] cloud-init[973]: ci-info: +-------+-------------+----------+---------------+-----------+-------+
[   39.818373] cloud-init[973]: ci-info: +++++++++++++++++++Route IPv6 info+++++++++++++++++++
[[0;32m  OK  [0m] Started Message of the Day.
[   39.821215] cloud-init[973]: ci-info: +-------+-------------+---------+-----------+-------+
         [   39.870791] cloud-init[973]: ci-info: | Route | Destination | Gateway | Interface | Flags |
[   39.872054] cloud-init[973]: ci-info: +-------+-------------+---------+-----------+-------+
Starting Socket activation for snappy daemon.
[   39.873857] cloud-init[973]: ci-info: |   0   |  fe80::/64  |    ::   |   enp0s3  |   U   |
[   39.929977] cloud-init[973]: ci-info: |   4   |   ff00::/8  |    ::   |   enp0s3  |   U   |
[   39.931654] cloud-init[973]: ci-info: +-------+-------------+---------+-----------+-------+
[   39.932257] cloud-init[973]: Generating public/private rsa key pair.
[   39.932768] cloud-init[973]: Your identification has been saved in /etc/ssh/ssh_host_rsa_key.
[   39.933292] cloud-init[973]: Your public key has been saved in /etc/ssh/ssh_host_rsa_key.pub.
[   39.933870] cloud-init[973]: The key fingerprint is:
[   39.934565] cloud-init[973]: SHA256:wxWMJTTnsE4Try8xHnwjiUbm7EL2NsQx8mvqbcYazEA root@ubuntu-xenial
[[0;32m  OK  [0m] Listening on UUID daemon activation socket.
[   39.938964] cloud-init[973]: The key's randomart image is:
[   40.013270] cloud-init[973]: +---[RSA 2048]----+
[   40.018452] cloud-init[973]: |       .*++      |
         Starting LXD - unix socket.
[   40.030547] cloud-init[973]: |        .X..     |
[[0;32m  OK  [0m] Started Daily apt download activities.
[[   40.063930] cloud-init[973]: |  E . = + +      |
[   40.076211] cloud-init[973]: | .   O O =       |
[   40.077079] cloud-init[973]: |  . o O S o      |
[   40.077709] cloud-init[973]: |   * = o O .     |
[0;32m  OK  [0m] Started Daily apt upgrade and clean activities.
[   40.078985] cloud-init[973]: |    =.B o .      |
[   40.177977] cloud-init[973]: |     B+. .       |
[   40.179496] cloud-init[973]: |   .++.          |
[   40.187118] [[0;32m  OK  [0m] Started ACPI Events Check.
cloud-init[973]: +----[SHA256]-----+
[   40.213856] cloud-init[973]: Generating public/private dsa key pair.
[   40.216234] cloud-init[973]: Your identification has been saved in /etc/ssh/ssh_host_dsa_key.
[   40.216669] cloud-init[973]: Your public key has been saved in /etc/ssh/ssh_host_dsa_key.pub.
[   40.217229] cloud-init[973]: The key fingerprint is:
[   40.217858] cloud-init[973]: SHA256:bt0yuJILkdu27ZNPbHpeel45RUo7740hZAx9dQS154A root@ubuntu-xenial
[[0;32m  OK  [0m] Reached target Paths.
[   40.218261] cloud-init[973]: The key's randomart image is:
[   40.282433] cloud-init[973]: +---[DSA 1024]----+
[[0;32m  OK  [0m] Listening on ACPID Listen Socket.
[[   40.283856] cloud-init[973]: |              .+=|
[0;32m  OK  [0m] Started Daily Cleanup of Temporary Directories.
[   40.309972] cloud-init[973]: |           . . .o|
[   40.323285] cloud-init[973]: |          . E +.o|
[[0;32m  OK  [0m] Reached target Timers.
[   40.325259] cloud-init[973]: |     .     o o *.|
[   40.362336] cloud-init[973]: |    o   S   + + o|
[   40.363006] cloud-init[973]: |     + . + +   = |[[0;32m  OK  [0m] Reached target Network is Online.

         [   40.423573] cloud-init[973]: |    o o.+.B + = .|
[   40.425838] cloud-init[973]: |     oo+o=.=.o =.|
[   40.426399] cloud-init[973]: |      o+==+o. . o|
[   40.426959] cloud-init[973]: +----[SHA256]-----+
Starting iSCSI initiator daemon (iscsid)...
[   40.427436] cloud-init[973]: Generating public/private ecdsa key pair.
[[0;32m  OK  [0m] Reached target Cloud-config availability.
[   40.504390] cloud-init[973]: Your identification has been saved in /etc/ssh/ssh_host_ecdsa_key.
[[0;32m  OK  [0m] Listening on Socket activation for snappy daemon.
[[0;32m  OK  [0m] Listening on LXD - unix socket.
[   40.611305] cloud-init[973]: Your public key has been saved in /etc/ssh/ssh_host_ecdsa_key.pub.
[   40.644529] [cloud-init[0;32m  OK  [0m[973]: ] The key fingerprint is:Reached target Sockets.

[   40.706041] [[0;32m  OK  [0m] Reached target Basic System.
cloud-init[973]: SHA256:+PWHl7xInrCslXsN6REpXzT90uPhCv9e5zbezVZ3yIc root@ubuntu-xenial
[   40.719091] cloud-init[973]: The key's randomart image is:
[   40.731009] [[0;32m  OK  [0m] Started FUSE filesystem for LXC.
cloud-init         Starting /etc/rc.local Compatibility...
[973]: +---[ECDSA 256]---+
[   40.780700] cloud-init[973]: |               . |
[   40.780990] cloud-init[973]: |              o .|
[   40.783948] cloud-init[973]: |             o o.|
[   40.784140] cloud-init[973]: |       .  . o ooo|
[[0;32m  OK  [0m] Started Regular background program processing daemon.
[   40.784628] cloud-init[973]: |      . S .o =o+o|
[   40.858136] cloud-init[973]: |       . . +=oE+=|
[   40.874293] cloud-init         Starting System Logging Service...
[973]: |        . +.*+*.*|
         Starting Accounts Service...
[   40.924163] cloud-init[973]: |         o *oB.=B|
[   40.949226]          Starting LSB: Record successful boot for GRUB...
cloud-init[[0;32m  OK  [0m] Started ACPI event daemon.
         Starting LSB: MD monitoring daemon...
[973]: |        ..+.+ =**|
[   40.995681] [[0;32m  OK  [0m] Started Deferred execution scheduler.
cloud-init[973]: +----[SHA256]-----+
[   41.036035]          Starting Pollinate to seed the pseudo random number generator...
cloud-init[973]: Generating public/private ed25519 key pair.
[   41.079671]          Starting Login Service...
cloud-init[973]: Your identification has been saved in /etc/ssh/ssh_host_ed25519_key.
[   41.121763] cloud-init[973]: Your public key has been saved in /etc/ssh/ssh_host_ed25519_key.pub.
         Starting Virtualbox guest utils...
[   41.130470] cloud-init[973]: The key fingerprint is:
[   41.177678] cloud-init[973]: SHA256:CvBQSG0pWIJBdNMtwmgIEPjxZHhoxyQrMORJcY9u9Oc root@ubuntu-xenial
[   41.186393] cloud-init[973]: The key's randomart image is:
[[0;32m  OK  [0m] Started D-Bus System Message Bus.
[   41.193421] cloud-init[973]: +--[ED25519 256]--+
[   41.225114] cloud-init[973]: |^%B@+..          |
[   41.265176] cloud-init[973]: |O=@*&o .         |
[   41.275409] cloud-init[973]: |o=+%...          |
[   41.287456] cloud-init[973]: | .++o            |
[   41.294785] cloud-init[973]: |   oo. .S        |
[   41.300815] cloud-init[973]: |  .  .o.         |
[   41.307667] cloud-init[973]: |      .E         |
[   41.314427] cloud-init[973]: |                 |
[   41.329906] cloud-init[973]: |                 |
[   41.335915] cloud-init[973]: +----[SHA256]-----+
         Starting Snappy daemon...
         Starting LXD - container startup/shutdown...
[[0;32m  OK  [0m] Started System Logging Service.
[[0;32m  OK  [0m] Started iSCSI initiator daemon (iscsid).
[[0;32m  OK  [0m] Started /etc/rc.local Compatibility.
         Starting Login to default iSCSI targets...
[[0;32m  OK  [0m] Started Login Service.
[[0;32m  OK  [0m] Started Unattended Upgrades Shutdown.
         Starting Authenticate and Authorize Users to Run Privileged Tasks...
[[0;32m  OK  [0m] Started LSB: Record successful boot for GRUB.
[[0;32m  OK  [0m] Started LSB: MD monitoring daemon.
[[0;32m  OK  [0m] Started Login to default iSCSI targets.
[[0;32m  OK  [0m] Reached target Remote File Systems (Pre).
[[0;32m  OK  [0m] Reached target Remote File Systems.
         Starting LSB: automatic crash report generation...
         Starting LSB: Set the CPU Frequency Scaling governor to "ondemand"...
         Starting Permit User Sessions...
         Starting LSB: daemon to balance interrupts for SMP systems...
[[0;32m  OK  [0m] Started LSB: Set the CPU Frequency Scaling governor to "ondemand".
[[0;32m  OK  [0m] Started Authenticate and Authorize Users to Run Privileged Tasks.
[[0;32m  OK  [0m] Started LSB: automatic crash report generation.
[[0;32m  OK  [0m] Started Permit User Sessions.
[[0;32m  OK  [0m] Started Accounts Service.
         Starting Terminate Plymouth Boot Screen...
         Starting Hold until boot process finishes up...
[[0;32m  OK  [0m] Started Terminate Plymouth Boot Screen.
[[0;32m  OK  [0m] Started Hold until boot process finishes up.
[[0;32m  OK  [0m] Started Serial Getty on ttyS0.
[[0;32m  OK  [0m] Started Getty on tty1.
[[0;32m  OK  [0m] Reached target Login Prompts.
         Starting Set console scheme...
[[0;32m  OK  [0m] Started LSB: daemon to balance interrupts for SMP systems.
[[0;32m  OK  [0m] Started Set console scheme.
[[0;32m  OK  [0m] Started Virtualbox guest utils.
[[0;32m  OK  [0m] Started LXD - container startup/shutdown.
[[0;32m  OK  [0m] Started Snappy daemon.
         Starting Wait until snapd is fully seeded...
[[0;32m  OK  [0m] Started Pollinate to seed the pseudo random number generator.
         Starting OpenBSD Secure Shell server...
[[0;32m  OK  [0m] Started OpenBSD Secure Shell server.

Ubuntu 16.04.6 LTS ubuntu-xenial ttyS0

ubuntu-xenial login: [   56.526524] cloud-init[1396]: Generating locales (this might take a while)...
[   71.839054] cloud-init[1396]:   en_US.UTF-8... done
[   71.840716] cloud-init[1396]: Generation complete.
[   82.423880] cloud-init[1396]: Cloud-init v. 19.4-33-gbb4131a2-0ubuntu1~16.04.1 running 'modules:config' at Wed, 01 Jul 2020 10:29:44 +0000. Up 54.98 seconds.
ci-info: no authorized SSH keys fingerprints found for user ubuntu.
<14>Jul  1 10:30:15 ec2: 
<14>Jul  1 10:30:15 ec2: #############################################################
<14>Jul  1 10:30:15 ec2: -----BEGIN SSH HOST KEY FINGERPRINTS-----
<14>Jul  1 10:30:15 ec2: 1024 SHA256:bt0yuJILkdu27ZNPbHpeel45RUo7740hZAx9dQS154A root@ubuntu-xenial (DSA)
<14>Jul  1 10:30:15 ec2: 256 SHA256:+PWHl7xInrCslXsN6REpXzT90uPhCv9e5zbezVZ3yIc root@ubuntu-xenial (ECDSA)
<14>Jul  1 10:30:15 ec2: 256 SHA256:CvBQSG0pWIJBdNMtwmgIEPjxZHhoxyQrMORJcY9u9Oc root@ubuntu-xenial (ED25519)
<14>Jul  1 10:30:15 ec2: 2048 SHA256:wxWMJTTnsE4Try8xHnwjiUbm7EL2NsQx8mvqbcYazEA root@ubuntu-xenial (RSA)
<14>Jul  1 10:30:15 ec2: -----END SSH HOST KEY FINGERPRINTS-----
<14>Jul  1 10:30:15 ec2: #############################################################
-----BEGIN SSH HOST KEY KEYS-----
ecdsa-sha2-nistp256 AAAAE2VjZHNhLXNoYTItbmlzdHAyNTYAAAAIbmlzdHAyNTYAAABBBJTJHtxkIB886NpsN+0I7Emo5xVovmz/WjsHP8G/0cwbPasKgclk43WLZII14R6wKYTE2/s6QBWNFIdRewrnmZM= root@ubuntu-xenial
ssh-ed25519 AAAAC3NzaC1lZDI1NTE5AAAAIPkFchOxS8HjNUCPwrgdAJ7U02TqMRv0NuXNr0WEHhRr root@ubuntu-xenial
ssh-rsa AAAAB3NzaC1yc2EAAAADAQABAAABAQDEDLYegcxG43RGwsyWY7PLVoQhbsdCPLmIP4KgOuT/zNqYmAvYr2hMViT8bPhYoRvuWVxT6TMkWVgaWbCReuL2Me9jHWgdBWVKSqY4QlQgTcwK2bw5xFdRy81/OL5CNehgqqxas4KoFTU0b+pglDfyWx6wjnCH2r/2naOfBDuRFZuRiPKK/O4f9W/GyWoQpy+43ZMLUPE5wq/lJy6UTMtSFFqifdlbND0EaWmkmgse62NJlbMr9ytMDPpfp0BDmpQ8sfL7LyHM/MtPmCqBKIyLn68GJDqltwd41p4Fc/0AnIUZ0MVA3NOvWiiJPjor96yT3Jt1AZAhWhtIXeAonS5R root@ubuntu-xenial
-----END SSH HOST KEY KEYS-----
[   86.192525] cloud-init[1578]: Cloud-init v. 19.4-33-gbb4131a2-0ubuntu1~16.04.1 running 'modules:final' at Wed, 01 Jul 2020 10:30:14 +0000. Up 84.70 seconds.
[   86.193234] cloud-init[1578]: ci-info: no authorized SSH keys fingerprints found for user ubuntu.
[   86.193757] cloud-init[1578]: Cloud-init v. 19.4-33-gbb4131a2-0ubuntu1~16.04.1 finished at Wed, 01 Jul 2020 10:30:15 +0000. Datasource DataSourceNoCloud [seed=/dev/sdb][dsmode=net].  Up 86.14 seconds
